<html>
<body>
<pre>
<h1>礦ision Build Log</h1>
<h2>Tool Versions:</h2>
IDE-Version: μVision V5.43.1.0
Copyright (C) 2025 ARM Ltd and ARM Germany GmbH. All rights reserved.
License Information: chen 8615715, HP Inc., LIC=D0D7S-L9R3Q-NNDAF-6LAS9-YZSPK-LJWBN
 
Tool Versions:
Toolchain:       MDK-ARM Plus  Version: 5.43.0.0
Toolchain Path:  C:\Users\86157\AppData\Local\Keil_v5\ARM\ARMCC\Bin
C Compiler:      Armcc.exe V5.05 update 1 (build 106)
Assembler:       Armasm.exe V5.05 update 1 (build 106)
Linker/Locator:  ArmLink.exe V5.05 update 1 (build 106)
Library Manager: ArmAr.exe V5.05 update 1 (build 106)
Hex Converter:   FromElf.exe V5.05 update 1 (build 106)
CPU DLL:         SARMCM3.DLL V5.43.0.0
Dialog DLL:      DCM.DLL V1.17.5.0
Target DLL:      STLink\ST-LINKIII-KEIL_SWO.dll V3.3.1.0
Dialog DLL:      TCM.DLL V1.56.6.0
 
<h2>Project:</h2>
C:\Users\86157\Desktop\jisuanjikongzhi\新建文件夹\Motor_Speed_Control\Motor_Speed_Control\Projects\MDK-ARM\atk_f103.uvprojx
Project File Date:  07/21/2026

<h2>Output:</h2>
*** Using Compiler 'V5.05 update 1 (build 106)', folder: 'C:\Users\86157\AppData\Local\Keil_v5\ARM\ARMCC\Bin'
Rebuild target 'Template'
assembling startup_stm32f103xb.s...
compiling stm32f1xx_it.c...
compiling led.c...
compiling stm32f1xx_hal_gpio.c...
compiling stm32f1xx_hal_cortex.c...
compiling stm32f1xx_hal_dma.c...
compiling main.c...
..\..\Drivers\./BSP/KEY/key.h(21): warning:  #1-D: last line of file ends without a newline
  #endif
..\..\Drivers\./BSP/PWM/PWM.h(12): warning:  #1-D: last line of file ends without a newline
  #endif
..\..\Drivers\./BSP/TIMER/Timer.h(15): warning:  #1-D: last line of file ends without a newline
  #endif
..\..\Drivers\./BSP/ENCODER/Encoder.h(18): warning:  #1-D: last line of file ends without a newline
  #endif
..\..\Users\pid.h(47): warning:  #1-D: last line of file ends without a newline
  #endif
..\..\Users\main.c: 5 warnings, 0 errors
compiling system_stm32f1xx.c...
compiling stm32f1xx_hal_gpio_ex.c...
compiling stm32f1xx_hal_tim_ex.c...
compiling stm32f1xx_hal_rcc.c...
compiling usart.c...
compiling stm32f1xx_hal_adc.c...
compiling stm32f1xx_hal_rcc_ex.c...
compiling myiic.c...
compiling sys.c...
compiling delay.c...
compiling pid.c...
..\..\Users\pid.h(47): warning:  #1-D: last line of file ends without a newline
  #endif
..\..\Users\pid.c(91): warning:  #1-D: last line of file ends without a newline
  }
..\..\Users\pid.c: 2 warnings, 0 errors
compiling stm32f1xx_hal.c...
compiling atk_oled.c...
compiling stm32f1xx_hal_uart.c...
compiling stm32f1xx_hal_adc_ex.c...
compiling stm32f1xx_hal_usart.c...
compiling PWM.c...
..\..\Drivers\BSP\PWM\pwm.h(12): warning:  #1-D: last line of file ends without a newline
  #endif
..\..\Drivers\BSP\PWM\PWM.c(51): warning:  #1-D: last line of file ends without a newline
  }
..\..\Drivers\BSP\PWM\PWM.c: 2 warnings, 0 errors
compiling stm32f1xx_hal_tim.c...
compiling encoder.c...
..\..\Drivers\BSP\ENCODER\encoder.h(18): warning:  #1-D: last line of file ends without a newline
  #endif
..\..\Drivers\BSP\ENCODER\encoder.c(88): warning:  #1-D: last line of file ends without a newline
  }
..\..\Drivers\BSP\ENCODER\encoder.c: 2 warnings, 0 errors
compiling timer.c...
..\..\Drivers\BSP\TIMER\timer.h(15): warning:  #1-D: last line of file ends without a newline
  #endif
..\..\Drivers\BSP\TIMER\timer.c(46): warning:  #1-D: last line of file ends without a newline
  }
..\..\Drivers\BSP\TIMER\timer.c: 2 warnings, 0 errors
compiling Key.c...
..\..\Drivers\BSP\KEY\key.h(21): warning:  #1-D: last line of file ends without a newline
  #endif
..\..\Drivers\BSP\KEY\Key.c(60): warning:  #1-D: last line of file ends without a newline
  }
..\..\Drivers\BSP\KEY\Key.c: 2 warnings, 0 errors
linking...
Program Size: Code=15866 RO-data=6550 RW-data=52 ZI-data=2684  
"..\..\Output\atk_f103.axf" - 0 Error(s), 15 Warning(s).

<h2>Software Packages used:</h2>

Package Vendor: Keil
                https://www.keil.com/pack/Keil.STM32F1xx_DFP.2.4.1.pack
                Keil::STM32F1xx_DFP@2.4.1
                STMicroelectronics STM32F1 Series Device Support, Drivers and Examples

<h2>Collection of Component include folders:</h2>
  C:/Users/86157/AppData/Local/Arm/Packs/Keil/STM32F1xx_DFP/2.4.1/Device/Include

<h2>Collection of Component Files used:</h2>
Build Time Elapsed:  00:00:03
</pre>
</body>
</html>
