Component: ARM Compiler 5.05 update 1 (build 106) Tool: armlink [4d0efa]

==============================================================================

Section Cross References

    startup_stm32f103xb.o(STACK) refers (Special) to heapauxi.o(.text) for __use_two_region_memory
    startup_stm32f103xb.o(HEAP) refers (Special) to heapauxi.o(.text) for __use_two_region_memory
    startup_stm32f103xb.o(RESET) refers (Special) to heapauxi.o(.text) for __use_two_region_memory
    startup_stm32f103xb.o(RESET) refers to startup_stm32f103xb.o(STACK) for __initial_sp
    startup_stm32f103xb.o(RESET) refers to startup_stm32f103xb.o(.text) for Reset_Handler
    startup_stm32f103xb.o(RESET) refers to stm32f1xx_it.o(i.NMI_Handler) for NMI_Handler
    startup_stm32f103xb.o(RESET) refers to stm32f1xx_it.o(i.HardFault_Handler) for HardFault_Handler
    startup_stm32f103xb.o(RESET) refers to stm32f1xx_it.o(i.MemManage_Handler) for MemManage_Handler
    startup_stm32f103xb.o(RESET) refers to stm32f1xx_it.o(i.BusFault_Handler) for BusFault_Handler
    startup_stm32f103xb.o(RESET) refers to stm32f1xx_it.o(i.UsageFault_Handler) for UsageFault_Handler
    startup_stm32f103xb.o(RESET) refers to stm32f1xx_it.o(i.SVC_Handler) for SVC_Handler
    startup_stm32f103xb.o(RESET) refers to stm32f1xx_it.o(i.DebugMon_Handler) for DebugMon_Handler
    startup_stm32f103xb.o(RESET) refers to stm32f1xx_it.o(i.PendSV_Handler) for PendSV_Handler
    startup_stm32f103xb.o(RESET) refers to stm32f1xx_it.o(i.SysTick_Handler) for SysTick_Handler
    startup_stm32f103xb.o(RESET) refers to timer.o(i.TIM4_IRQHandler) for TIM4_IRQHandler
    startup_stm32f103xb.o(RESET) refers to usart.o(i.USART1_IRQHandler) for USART1_IRQHandler
    startup_stm32f103xb.o(.text) refers (Special) to heapauxi.o(.text) for __use_two_region_memory
    startup_stm32f103xb.o(.text) refers to __main.o(!!!main) for __main
    startup_stm32f103xb.o(.text) refers to startup_stm32f103xb.o(HEAP) for Heap_Mem
    startup_stm32f103xb.o(.text) refers to startup_stm32f103xb.o(STACK) for Stack_Mem
    main.o(i.OLED_show) refers to _printf_pad.o(.text) for _printf_pre_padding
    main.o(i.OLED_show) refers to _printf_percent.o(.ARM.Collect$$_printf_percent$$00000000) for _printf_percent
    main.o(i.OLED_show) refers to _printf_f.o(.ARM.Collect$$_printf_percent$$00000003) for _printf_f
    main.o(i.OLED_show) refers to printf1.o(x$fpl$printf1) for _printf_fp_dec
    main.o(i.OLED_show) refers to atk_oled.o(i.atk_oled_show_string) for atk_oled_show_string
    main.o(i.OLED_show) refers to f2d.o(x$fpl$f2d) for __aeabi_f2d
    main.o(i.OLED_show) refers to noretval__2sprintf.o(.text) for __2sprintf
    main.o(i.OLED_show) refers to atk_oled.o(i.atk_oled_refresh_gram) for atk_oled_refresh_gram
    main.o(i.main) refers to stm32f1xx_hal.o(i.HAL_Init) for HAL_Init
    main.o(i.main) refers to sys.o(i.sys_stm32_clock_init) for sys_stm32_clock_init
    main.o(i.main) refers to delay.o(i.delay_init) for delay_init
    main.o(i.main) refers to led.o(i.led_init) for led_init
    main.o(i.main) refers to key.o(i.KEY_Init) for KEY_Init
    main.o(i.main) refers to atk_oled.o(i.atk_oled_init) for atk_oled_init
    main.o(i.main) refers to timer.o(i.Timer_Init) for Timer_Init
    main.o(i.main) refers to encoder.o(i.Encoder_Init) for Encoder_Init
    main.o(i.main) refers to pwm.o(i.PWM_Init) for PWM_Init
    main.o(i.main) refers to main.o(i.OLED_show) for OLED_show
    main.o(i.main) refers to ffixu.o(x$fpl$ffixu) for __aeabi_f2uiz
    main.o(i.main) refers to pwm.o(i.PWM_SetDuty) for PWM_SetDuty
    main.o(i.main) refers to timer.o(i.Timer_Start_IT) for Timer_Start_IT
    main.o(i.main) refers to pid.o(i.PID_Init) for PID_Init
    main.o(i.main) refers to pid.o(i.PID_SetTarget) for PID_SetTarget
    main.o(i.main) refers to encoder.o(i.Encoder_GetSpeed_RPM) for Encoder_GetSpeed_RPM
    main.o(i.main) refers to pid.o(i.PID_Compute) for PID_Compute
    main.o(i.main) refers to ffix.o(x$fpl$ffix) for __aeabi_f2iz
    main.o(i.main) refers to key.o(i.KEY_Scan) for KEY_Scan
    main.o(i.main) refers to faddsub_clz.o(x$fpl$fadd) for __aeabi_fadd
    main.o(i.main) refers to faddsub_clz.o(x$fpl$fsub) for __aeabi_fsub
    main.o(i.main) refers to main.o(.data) for speed_cv
    main.o(i.main) refers to main.o(.bss) for speed_pid
    main.o(i.main) refers to timer.o(.data) for timer10ms_flag
    stm32f1xx_it.o(i.SysTick_Handler) refers to stm32f1xx_hal.o(i.HAL_IncTick) for HAL_IncTick
    system_stm32f1xx.o(i.SystemCoreClockUpdate) refers to system_stm32f1xx.o(.data) for SystemCoreClock
    system_stm32f1xx.o(i.SystemCoreClockUpdate) refers to system_stm32f1xx.o(.constdata) for AHBPrescTable
    pid.o(i.PID_Compute) refers to faddsub_clz.o(x$fpl$fsub) for __aeabi_fsub
    pid.o(i.PID_Compute) refers to f2d.o(x$fpl$f2d) for __aeabi_f2d
    pid.o(i.PID_Compute) refers to dleqf.o(x$fpl$dleqf) for __aeabi_cdcmple
    pid.o(i.PID_Compute) refers to fmul.o(x$fpl$fmul) for __aeabi_fmul
[...]
    ..\..\Users\stm32f1xx_it.c               0x00000000   Number         0  stm32f1xx_it.o ABSOLUTE
    ..\\..\\Drivers\\BSP\\ATK_OLED\\atk_oled.c 0x00000000   Number         0  atk_oled.o ABSOLUTE
    ..\\..\\Drivers\\BSP\\ENCODER\\encoder.c 0x00000000   Number         0  encoder.o ABSOLUTE
    ..\\..\\Drivers\\BSP\\IIC\\myiic.c       0x00000000   Number         0  myiic.o ABSOLUTE
    ..\\..\\Drivers\\BSP\\KEY\\Key.c         0x00000000   Number         0  key.o ABSOLUTE
    ..\\..\\Drivers\\BSP\\LED\\led.c         0x00000000   Number         0  led.o ABSOLUTE
    ..\\..\\Drivers\\BSP\\PWM\\PWM.c         0x00000000   Number         0  pwm.o ABSOLUTE
    ..\\..\\Drivers\\BSP\\TIMER\\timer.c     0x00000000   Number         0  timer.o ABSOLUTE
    ..\\..\\Drivers\\CMSIS\\Device\\ST\\STM32F1xx\\Source\\Templates\\system_stm32f1xx.c 0x00000000   Number         0  system_stm32f1xx.o ABSOLUTE
    ..\\..\\Drivers\\STM32F1xx_HAL_Driver\\Src\\stm32f1xx_hal.c 0x00000000   Number         0  stm32f1xx_hal.o ABSOLUTE
    ..\\..\\Drivers\\STM32F1xx_HAL_Driver\\Src\\stm32f1xx_hal_adc.c 0x00000000   Number         0  stm32f1xx_hal_adc.o ABSOLUTE
    ..\\..\\Drivers\\STM32F1xx_HAL_Driver\\Src\\stm32f1xx_hal_adc_ex.c 0x00000000   Number         0  stm32f1xx_hal_adc_ex.o ABSOLUTE
    ..\\..\\Drivers\\STM32F1xx_HAL_Driver\\Src\\stm32f1xx_hal_cortex.c 0x00000000   Number         0  stm32f1xx_hal_cortex.o ABSOLUTE
    ..\\..\\Drivers\\STM32F1xx_HAL_Driver\\Src\\stm32f1xx_hal_dma.c 0x00000000   Number         0  stm32f1xx_hal_dma.o ABSOLUTE
    ..\\..\\Drivers\\STM32F1xx_HAL_Driver\\Src\\stm32f1xx_hal_gpio.c 0x00000000   Number         0  stm32f1xx_hal_gpio.o ABSOLUTE
    ..\\..\\Drivers\\STM32F1xx_HAL_Driver\\Src\\stm32f1xx_hal_gpio_ex.c 0x00000000   Number         0  stm32f1xx_hal_gpio_ex.o ABSOLUTE
    ..\\..\\Drivers\\STM32F1xx_HAL_Driver\\Src\\stm32f1xx_hal_rcc.c 0x00000000   Number         0  stm32f1xx_hal_rcc.o ABSOLUTE
    ..\\..\\Drivers\\STM32F1xx_HAL_Driver\\Src\\stm32f1xx_hal_rcc_ex.c 0x00000000   Number         0  stm32f1xx_hal_rcc_ex.o ABSOLUTE
    ..\\..\\Drivers\\STM32F1xx_HAL_Driver\\Src\\stm32f1xx_hal_tim.c 0x00000000   Number         0  stm32f1xx_hal_tim.o ABSOLUTE
    ..\\..\\Drivers\\STM32F1xx_HAL_Driver\\Src\\stm32f1xx_hal_tim_ex.c 0x00000000   Number         0  stm32f1xx_hal_tim_ex.o ABSOLUTE
    ..\\..\\Drivers\\STM32F1xx_HAL_Driver\\Src\\stm32f1xx_hal_uart.c 0x00000000   Number         0  stm32f1xx_hal_uart.o ABSOLUTE
    ..\\..\\Drivers\\STM32F1xx_HAL_Driver\\Src\\stm32f1xx_hal_usart.c 0x00000000   Number         0  stm32f1xx_hal_usart.o ABSOLUTE
    ..\\..\\Drivers\\SYSTEM\\delay\\delay.c  0x00000000   Number         0  delay.o ABSOLUTE
    ..\\..\\Drivers\\SYSTEM\\sys\\sys.c      0x00000000   Number         0  sys.o ABSOLUTE
    ..\\..\\Drivers\\SYSTEM\\usart\\usart.c  0x00000000   Number         0  usart.o ABSOLUTE
    ..\\..\\Users\\main.c                    0x00000000   Number         0  main.o ABSOLUTE
    ..\\..\\Users\\pid.c                     0x00000000   Number         0  pid.o ABSOLUTE
    ..\\..\\Users\\stm32f1xx_it.c            0x00000000   Number         0  stm32f1xx_it.o ABSOLUTE
    dc.s                                     0x00000000   Number         0  dc.o ABSOLUTE
    RESET                                    0x08000000   Section      236  startup_stm32f103xb.o(RESET)
    !!!main                                  0x080000ec   Section        8  __main.o(!!!main)
    !!!scatter                               0x080000f4   Section       52  __scatter.o(!!!scatter)
    !!handler_copy                           0x08000128   Section       26  __scatter_copy.o(!!handler_copy)
    !!handler_zi                             0x08000144   Section       28  __scatter_zi.o(!!handler_zi)
    .ARM.Collect$$_printf_percent$$00000000  0x08000160   Section        0  _printf_percent.o(.ARM.Collect$$_printf_percent$$00000000)
    .ARM.Collect$$_printf_percent$$00000003  0x08000160   Section        6  _printf_f.o(.ARM.Collect$$_printf_percent$$00000003)
    .ARM.Collect$$_printf_percent$$00000017  0x08000166   Section        4  _printf_percent_end.o(.ARM.Collect$$_printf_percent$$00000017)
    .ARM.Collect$$libinit$$00000000          0x0800016a   Section        2  libinit.o(.ARM.Collect$$libinit$$00000000)
    .ARM.Collect$$libinit$$00000002          0x0800016c   Section        0  libinit2.o(.ARM.Collect$$libinit$$00000002)
    .ARM.Collect$$libinit$$00000004          0x0800016c   Section        0  libinit2.o(.ARM.Collect$$libinit$$00000004)
    .ARM.Collect$$libinit$$0000000A          0x0800016c   Section        0  libinit2.o(.ARM.Collect$$libinit$$0000000A)
    .ARM.Collect$$libinit$$0000000C          0x0800016c   Section        0  libinit2.o(.ARM.Collect$$libinit$$0000000C)
    .ARM.Collect$$libinit$$0000000E          0x0800016c   Section        0  libinit2.o(.ARM.Collect$$libinit$$0000000E)
    .ARM.Collect$$libinit$$0000000F          0x0800016c   Section        6  libinit2.o(.ARM.Collect$$libinit$$0000000F)
    .ARM.Collect$$libinit$$00000011          0x08000172   Section        0  libinit2.o(.ARM.Collect$$libinit$$00000011)
    .ARM.Collect$$libinit$$00000013          0x08000172   Section        0  libinit2.o(.ARM.Collect$$libinit$$00000013)
    .ARM.Collect$$libinit$$00000015          0x08000172   Section        0  libinit2.o(.ARM.Collect$$libinit$$00000015)
    .ARM.Collect$$libinit$$00000016          0x08000172   Section       10  libinit2.o(.ARM.Collect$$libinit$$00000016)
    .ARM.Collect$$libinit$$00000017          0x0800017c   Section        0  libinit2.o(.ARM.Collect$$libinit$$00000017)
    .ARM.Collect$$libinit$$00000019          0x0800017c   Section        0  libinit2.o(.ARM.Collect$$libinit$$00000019)
    .ARM.Collect$$libinit$$0000001B          0x0800017c   Section        0  libinit2.o(.ARM.Collect$$libinit$$0000001B)
    .ARM.Collect$$libinit$$0000001D          0x0800017c   Section        0  libinit2.o(.ARM.Collect$$libinit$$0000001D)
    .ARM.Collect$$libinit$$0000001F          0x0800017c   Section        0  libinit2.o(.ARM.Collect$$libinit$$0000001F)
    .ARM.Collect$$libinit$$00000021          0x0800017c   Section        0  libinit2.o(.ARM.Collect$$libinit$$00000021)
    .ARM.Collect$$libinit$$00000023          0x0800017c   Section        0  libinit2.o(.ARM.Collect$$libinit$$00000023)
    .ARM.Collect$$libinit$$00000025          0x0800017c   Section        0  libinit2.o(.ARM.Collect$$libinit$$00000025)
    .ARM.Collect$$libinit$$0000002C          0x0800017c   Section        0  libinit2.o(.ARM.Collect$$libinit$$0000002C)
    .ARM.Collect$$libinit$$0000002E          0x0800017c   Section        0  libinit2.o(.ARM.Collect$$libinit$$0000002E)
    .ARM.Collect$$libinit$$00000030          0x0800017c   Section        0  libinit2.o(.ARM.Collect$$libinit$$00000030)
    .ARM.Collect$$libinit$$00000032          0x0800017c   Section        0  libinit2.o(.ARM.Collect$$libinit$$00000032)
    .ARM.Collect$$libinit$$00000033          0x0800017c   Section        2  libinit2.o(.ARM.Collect$$libinit$$00000033)
    .ARM.Collect$$libshutdown$$00000000      0x0800017e   Section        2  libshutdown.o(.ARM.Collect$$libshutdown$$00000000)
    .ARM.Collect$$libshutdown$$00000003      0x08000180   Section        0  libshutdown2.o(.ARM.Collect$$libshutdown$$00000003)
    .ARM.Collect$$libshutdown$$00000006      0x08000180   Section        0  libshutdown2.o(.ARM.Collect$$libshutdown$$00000006)
    .ARM.Collect$$libshutdown$$00000009      0x08000180   Section        0  libshutdown2.o(.ARM.Collect$$libshutdown$$00000009)
    .ARM.Collect$$libshutdown$$0000000B      0x08000180   Section        0  libshutdown2.o(.ARM.Collect$$libshutdown$$0000000B)
    .ARM.Collect$$libshutdown$$0000000E      0x08000180   Section        0  libshutdown2.o(.ARM.Collect$$libshutdown$$0000000E)
    .ARM.Collect$$libshutdown$$0000000F      0x08000180   Section        2  libshutdown2.o(.ARM.Collect$$libshutdown$$0000000F)
    .ARM.Collect$$rtentry$$00000000          0x08000182   Section        0  __rtentry.o(.ARM.Collect$$rtentry$$00000000)
    .ARM.Collect$$rtentry$$00000002          0x08000182   Section        0  __rtentry2.o(.ARM.Collect$$rtentry$$00000002)
    .ARM.Collect$$rtentry$$00000004          0x08000182   Section        6  __rtentry4.o(.ARM.Collect$$rtentry$$00000004)
    .ARM.Collect$$rtentry$$00000009          0x08000188   Section        0  __rtentry2.o(.ARM.Collect$$rtentry$$00000009)
    .ARM.Collect$$rtentry$$0000000A          0x08000188   Section        4  __rtentry2.o(.ARM.Collect$$rtentry$$0000000A)
    .ARM.Collect$$rtentry$$0000000C          0x0800018c   Section        0  __rtentry2.o(.ARM.Collect$$rtentry$$0000000C)
    .ARM.Collect$$rtentry$$0000000D          0x0800018c   Section        8  __rtentry2.o(.ARM.Collect$$rtentry$$0000000D)
    .ARM.Collect$$rtexit$$00000000           0x08000194   Section        2  rtexit.o(.ARM.Collect$$rtexit$$00000000)
    .ARM.Collect$$rtexit$$00000002           0x08000196   Section        0  rtexit2.o(.ARM.Collect$$rtexit$$00000002)
    .ARM.Collect$$rtexit$$00000003           0x08000196   Section        4  rtexit2.o(.ARM.Collect$$rtexit$$00000003)
    .ARM.Collect$$rtexit$$00000004           0x0800019a   Section        6  rtexit2.o(.ARM.Collect$$rtexit$$00000004)
    .text                                    0x080001a0   Section       52  startup_stm32f103xb.o(.text)
    .text                                    0x080001d4   Section        2  use_no_semi_2.o(.text)
    .text                                    0x080001d8   Section        0  noretval__2sprintf.o(.text)
    .text                                    0x08000200   Section        0  _printf_pad.o(.text)
    .text                                    0x0800024e   Section        0  __printf_wp.o(.text)
    .text                                    0x0800035c   Section       78  rt_memclr_w.o(.text)
    .text                                    0x080003aa   Section        0  heapauxi.o(.text)
    .text                                    0x080003b0   Section        2  use_no_semi.o(.text)
    .text                                    0x080003b2   Section        0  _printf_fp_dec.o(.text)
    _fp_digits                               0x080003b5   Thumb Code   428  _printf_fp_dec.o(.text)
    .text                                    0x080007cc   Section        0  _printf_char_common.o(.text)
    _printf_input_char                       0x080007cd   Thumb Code    10  _printf_char_common.o(.text)
    .text                                    0x080007fc   Section        0  _sputc.o(.text)
    .text                                    0x08000808   Section        8  rt_locale_intlibspace.o(.text)
    .text                                    0x08000810   Section      138  lludiv10.o(.text)
    .text                                    0x0800089c   Section        0  _printf_fp_infnan.o(.text)
    .text                                    0x0800091c   Section        0  bigflt0.o(.text)
    .text                                    0x080009f8   Section        8  libspace.o(.text)
    .text                                    0x08000a00   Section       74  sys_stackheap_outer.o(.text)
    .text                                    0x08000a4a   Section        0  exit.o(.text)
    .text                                    0x08000a58   Section      128  strcmpv7m.o(.text)
    CL$$btod_d2e                             0x08000ad8   Section       62  btod.o(CL$$btod_d2e)
    CL$$btod_d2e_denorm_low                  0x08000b16   Section       70  btod.o(CL$$btod_d2e_denorm_low)
    CL$$btod_d2e_norm_op1                    0x08000b5c   Section       96  btod.o(CL$$btod_d2e_norm_op1)
    CL$$btod_div_common                      0x08000bbc   Section      824  btod.o(CL$$btod_div_common)
    CL$$btod_e2e                             0x08000ef4   Section      198  btod.o(CL$$btod_e2e)
    CL$$btod_ediv                            0x08000fba   Section       40  btod.o(CL$$btod_ediv)
    CL$$btod_emul                            0x08000fe2   Section       40  btod.o(CL$$btod_emul)
    CL$$btod_mult_common                     0x0800100a   Section      580  btod.o(CL$$btod_mult_common)
    i.BusFault_Handler                       0x0800124e   Section        0  stm32f1xx_it.o(i.BusFault_Handler)
    i.DebugMon_Handler                       0x08001252   Section        0  stm32f1xx_it.o(i.DebugMon_Handler)
    i.Encoder_ClearCount                     0x08001254   Section        0  encoder.o(i.Encoder_ClearCount)
    i.Encoder_GetCount                       0x0800126c   Section        0  encoder.o(i.Encoder_GetCount)
    i.Encoder_GetSpeed_RPM                   0x0800127c   Section        0  encoder.o(i.Encoder_GetSpeed_RPM)
    i.Encoder_Init                           0x080012bc   Section        0  encoder.o(i.Encoder_Init)
    i.HAL_DMA_Abort_IT                       0x08001390   Section        0  stm32f1xx_hal_dma.o(i.HAL_DMA_Abort_IT)
    i.HAL_GPIO_Init                          0x08001440   Section        0  stm32f1xx_hal_gpio.o(i.HAL_GPIO_Init)
    i.HAL_GPIO_ReadPin                       0x08001760   Section        0  stm32f1xx_hal_gpio.o(i.HAL_GPIO_ReadPin)
    i.HAL_GPIO_WritePin                      0x08001770   Section        0  stm32f1xx_hal_gpio.o(i.HAL_GPIO_WritePin)
    i.HAL_GetTick                            0x0800177c   Section        0  stm32f1xx_hal.o(i.HAL_GetTick)
    i.HAL_IncTick                            0x08001788   Section        0  stm32f1xx_hal.o(i.HAL_IncTick)
    i.HAL_Init                               0x080017a0   Section        0  stm32f1xx_hal.o(i.HAL_Init)
    i.HAL_InitTick                           0x080017c8   Section        0  stm32f1xx_hal.o(i.HAL_InitTick)
    i.HAL_MspInit                            0x08001814   Section        0  stm32f1xx_hal.o(i.HAL_MspInit)
    i.HAL_NVIC_EnableIRQ                     0x08001816   Section        0  stm32f1xx_hal_cortex.o(i.HAL_NVIC_EnableIRQ)
    i.HAL_NVIC_SetPriority                   0x08001836   Section        0  stm32f1xx_hal_cortex.o(i.HAL_NVIC_SetPriority)
    i.HAL_NVIC_SetPriorityGrouping           0x080018b4   Section        0  stm32f1xx_hal_cortex.o(i.HAL_NVIC_SetPriorityGrouping)
    i.HAL_RCC_ClockConfig                    0x080018dc   Section        0  stm32f1xx_hal_rcc.o(i.HAL_RCC_ClockConfig)
    i.HAL_RCC_GetSysClockFreq                0x08001a68   Section        0  stm32f1xx_hal_rcc.o(i.HAL_RCC_GetSysClockFreq)
    i.HAL_RCC_OscConfig                      0x08001afc   Section        0  stm32f1xx_hal_rcc.o(i.HAL_RCC_OscConfig)
    i.HAL_SYSTICK_Config                     0x08001f60   Section        0  stm32f1xx_hal_cortex.o(i.HAL_SYSTICK_Config)
    i.HAL_TIM_Base_Init                      0x08001f94   Section        0  stm32f1xx_hal_tim.o(i.HAL_TIM_Base_Init)
    i.HAL_TIM_Base_MspInit                   0x08001ffa   Section        0  stm32f1xx_hal_tim.o(i.HAL_TIM_Base_MspInit)
    i.HAL_TIM_Base_Start_IT                  0x08001ffc   Section        0  stm32f1xx_hal_tim.o(i.HAL_TIM_Base_Start_IT)
    i.HAL_TIM_Encoder_Init                   0x08002074   Section        0  stm32f1xx_hal_tim.o(i.HAL_TIM_Encoder_Init)
    i.HAL_TIM_Encoder_MspInit                0x08002138   Section        0  stm32f1xx_hal_tim.o(i.HAL_TIM_Encoder_MspInit)
    i.HAL_TIM_Encoder_Start                  0x0800213a   Section        0  stm32f1xx_hal_tim.o(i.HAL_TIM_Encoder_Start)
    i.HAL_TIM_PWM_ConfigChannel              0x08002206   Section        0  stm32f1xx_hal_tim.o(i.HAL_TIM_PWM_ConfigChannel)
    i.HAL_TIM_PWM_Init                       0x08002302   Section        0  stm32f1xx_hal_tim.o(i.HAL_TIM_PWM_Init)
    i.HAL_TIM_PWM_MspInit                    0x08002368   Section        0  stm32f1xx_hal_tim.o(i.HAL_TIM_PWM_MspInit)
    i.HAL_TIM_PWM_Start                      0x0800236c   Section        0  stm32f1xx_hal_tim.o(i.HAL_TIM_PWM_Start)
    i.HAL_UART_ErrorCallback                 0x08002440   Section        0  stm32f1xx_hal_uart.o(i.HAL_UART_ErrorCallback)
    i.HAL_UART_IRQHandler                    0x08002444   Section        0  stm32f1xx_hal_uart.o(i.HAL_UART_IRQHandler)
    i.HAL_UART_Receive_IT                    0x08002598   Section        0  stm32f1xx_hal_uart.o(i.HAL_UART_Receive_IT)
    i.HAL_UART_RxCpltCallback                0x08002608   Section        0  usart.o(i.HAL_UART_RxCpltCallback)
    i.HAL_UART_TxCpltCallback                0x08002690   Section        0  stm32f1xx_hal_uart.o(i.HAL_UART_TxCpltCallback)
    i.HardFault_Handler                      0x08002692   Section        0  stm32f1xx_it.o(i.HardFault_Handler)
    i.KEY_Init                               0x08002698   Section        0  key.o(i.KEY_Init)
    i.KEY_Scan                               0x080026e8   Section        0  key.o(i.KEY_Scan)
    i.MemManage_Handler                      0x08002770   Section        0  stm32f1xx_it.o(i.MemManage_Handler)
    i.NMI_Handler                            0x08002774   Section        0  stm32f1xx_it.o(i.NMI_Handler)
    i.OLED_show                              0x08002778   Section        0  main.o(i.OLED_show)
    i.PID_Compute                            0x08002858   Section        0  pid.o(i.PID_Compute)
    i.PID_Init                               0x08002954   Section        0  pid.o(i.PID_Init)
    i.PID_SetTarget                          0x08002990   Section        0  pid.o(i.PID_SetTarget)
    i.PWM_Init                               0x08002994   Section        0  pwm.o(i.PWM_Init)
    i.PWM_SetDuty                            0x08002a44   Section        0  pwm.o(i.PWM_SetDuty)
    i.PendSV_Handler                         0x08002a6c   Section        0  stm32f1xx_it.o(i.PendSV_Handler)
    i.RCC_Delay                              0x08002a70   Section        0  stm32f1xx_hal_rcc.o(i.RCC_Delay)
    RCC_Delay                                0x08002a71   Thumb Code    36  stm32f1xx_hal_rcc.o(i.RCC_Delay)
    i.SVC_Handler                            0x08002a98   Section        0  stm32f1xx_it.o(i.SVC_Handler)
    i.SysTick_Handler                        0x08002a9a   Section        0  stm32f1xx_it.o(i.SysTick_Handler)
    i.TIM4_IRQHandler                        0x08002aa4   Section        0  timer.o(i.TIM4_IRQHandler)
    i.TIM_Base_SetConfig                     0x08002acc   Section        0  stm32f1xx_hal_tim.o(i.TIM_Base_SetConfig)
    i.TIM_CCxChannelCmd                      0x08002b40   Section        0  stm32f1xx_hal_tim.o(i.TIM_CCxChannelCmd)
    i.TIM_OC1_SetConfig                      0x08002b64   Section        0  stm32f1xx_hal_tim.o(i.TIM_OC1_SetConfig)
    TIM_OC1_SetConfig                        0x08002b65   Thumb Code    90  stm32f1xx_hal_tim.o(i.TIM_OC1_SetConfig)
    i.TIM_OC2_SetConfig                      0x08002bc4   Section        0  stm32f1xx_hal_tim.o(i.TIM_OC2_SetConfig)
    i.TIM_OC3_SetConfig                      0x08002c2c   Section        0  stm32f1xx_hal_tim.o(i.TIM_OC3_SetConfig)
    TIM_OC3_SetConfig                        0x08002c2d   Thumb Code    98  stm32f1xx_hal_tim.o(i.TIM_OC3_SetConfig)
    i.TIM_OC4_SetConfig                      0x08002c94   Section        0  stm32f1xx_hal_tim.o(i.TIM_OC4_SetConfig)
    TIM_OC4_SetConfig                        0x08002c95   Thumb Code    68  stm32f1xx_hal_tim.o(i.TIM_OC4_SetConfig)
    i.Timer_Init                             0x08002cdc   Section        0  timer.o(i.Timer_Init)
    i.Timer_Start_IT                         0x08002d28   Section        0  timer.o(i.Timer_Start_IT)
    i.UART_DMAAbortOnError                   0x08002d48   Section        0  stm32f1xx_hal_uart.o(i.UART_DMAAbortOnError)
    UART_DMAAbortOnError                     0x08002d49   Thumb Code    20  stm32f1xx_hal_uart.o(i.UART_DMAAbortOnError)
    i.UART_EndRxTransfer                     0x08002d5c   Section        0  stm32f1xx_hal_uart.o(i.UART_EndRxTransfer)
    UART_EndRxTransfer                       0x08002d5d   Thumb Code    32  stm32f1xx_hal_uart.o(i.UART_EndRxTransfer)
    i.UART_EndTransmit_IT                    0x08002d7c   Section        0  stm32f1xx_hal_uart.o(i.UART_EndTransmit_IT)
    UART_EndTransmit_IT                      0x08002d7d   Thumb Code    32  stm32f1xx_hal_uart.o(i.UART_EndTransmit_IT)
    i.UART_Receive_IT                        0x08002d9c   Section        0  stm32f1xx_hal_uart.o(i.UART_Receive_IT)
    UART_Receive_IT                          0x08002d9d   Thumb Code   160  stm32f1xx_hal_uart.o(i.UART_Receive_IT)
    i.UART_Transmit_IT                       0x08002e3c   Section        0  stm32f1xx_hal_uart.o(i.UART_Transmit_IT)
    UART_Transmit_IT                         0x08002e3d   Thumb Code    96  stm32f1xx_hal_uart.o(i.UART_Transmit_IT)
    i.USART1_IRQHandler                      0x08002e9c   Section        0  usart.o(i.USART1_IRQHandler)
    i.UsageFault_Handler                     0x08002ec0   Section        0  stm32f1xx_it.o(i.UsageFault_Handler)
    i.__ARM_fpclassify                       0x08002ec4   Section        0  fpclassify.o(i.__ARM_fpclassify)
    i.__NVIC_GetPriorityGrouping             0x08002eec   Section        0  stm32f1xx_hal_cortex.o(i.__NVIC_GetPriorityGrouping)
    __NVIC_GetPriorityGrouping               0x08002eed   Thumb Code    10  stm32f1xx_hal_cortex.o(i.__NVIC_GetPriorityGrouping)
    i.__NVIC_SetPriority                     0x08002efc   Section        0  stm32f1xx_hal_cortex.o(i.__NVIC_SetPriority)
    __NVIC_SetPriority                       0x08002efd   Thumb Code    32  stm32f1xx_hal_cortex.o(i.__NVIC_SetPriority)
    i._is_digit                              0x08002f24   Section        0  __printf_wp.o(i._is_digit)
    i._sys_exit                              0x08002f32   Section        0  usart.o(i._sys_exit)
    i.atk_oled_clear                         0x08002f38   Section        0  atk_oled.o(i.atk_oled_clear)
    i.atk_oled_draw_point                    0x08002f68   Section        0  atk_oled.o(i.atk_oled_draw_point)
    i.atk_oled_init                          0x08002fc8   Section        0  atk_oled.o(i.atk_oled_init)
    i.atk_oled_refresh_gram                  0x0800309c   Section        0  atk_oled.o(i.atk_oled_refresh_gram)
    i.atk_oled_show_char                     0x080030e8   Section        0  atk_oled.o(i.atk_oled_show_char)
    i.atk_oled_show_string                   0x08003200   Section        0  atk_oled.o(i.atk_oled_show_string)
    i.atk_oled_wr_byte                       0x0800325e   Section        0  atk_oled.o(i.atk_oled_wr_byte)
    atk_oled_wr_byte                         0x0800325f   Thumb Code    56  atk_oled.o(i.atk_oled_wr_byte)
    i.delay_init                             0x08003298   Section        0  delay.o(i.delay_init)
    i.delay_us                               0x080032a4   Section        0  delay.o(i.delay_us)
    i.iic_ack                                0x080032ec   Section        0  myiic.o(i.iic_ack)
    i.iic_delay                              0x0800333c   Section        0  myiic.o(i.iic_delay)
    iic_delay                                0x0800333d   Thumb Code    10  myiic.o(i.iic_delay)
    i.iic_init                               0x08003348   Section        0  myiic.o(i.iic_init)
    i.iic_send_byte                          0x080033c0   Section        0  myiic.o(i.iic_send_byte)
    i.iic_start                              0x0800342c   Section        0  myiic.o(i.iic_start)
    i.iic_stop                               0x08003478   Section        0  myiic.o(i.iic_stop)
    i.led_init                               0x080034b8   Section        0  led.o(i.led_init)
    i.main                                   0x0800350c   Section        0  main.o(i.main)
    i.sys_stm32_clock_init                   0x08003654   Section        0  sys.o(i.sys_stm32_clock_init)
    locale$$code                             0x080036bc   Section       44  lc_numeric_c.o(locale$$code)
    x$fpl$dcmpinf                            0x080036e8   Section       24  dcmpi.o(x$fpl$dcmpinf)
    x$fpl$dleqf                              0x08003700   Section      120  dleqf.o(x$fpl$dleqf)
    x$fpl$dnaninf                            0x08003778   Section      156  dnaninf.o(x$fpl$dnaninf)
    x$fpl$dretinf                            0x08003814   Section       12  dretinf.o(x$fpl$dretinf)
    x$fpl$f2d                                0x08003820   Section       86  f2d.o(x$fpl$f2d)
    x$fpl$fadd                               0x08003878   Section      196  faddsub_clz.o(x$fpl$fadd)
    _fadd1                                   0x08003887   Thumb Code     0  faddsub_clz.o(x$fpl$fadd)
    x$fpl$fcmpinf                            0x0800393c   Section       24  fcmpi.o(x$fpl$fcmpinf)
    x$fpl$fdiv                               0x08003954   Section      388  fdiv.o(x$fpl$fdiv)
    _fdiv1                                   0x08003955   Thumb Code     0  fdiv.o(x$fpl$fdiv)
    x$fpl$ffix                               0x08003ad8   Section       54  ffix.o(x$fpl$ffix)
    x$fpl$ffixu                              0x08003b10   Section       62  ffixu.o(x$fpl$ffixu)
    x$fpl$fflt                               0x08003b50   Section       48  fflt_clz.o(x$fpl$fflt)
    x$fpl$fleqf                              0x08003b80   Section      104  fleqf.o(x$fpl$fleqf)
    x$fpl$fmul                               0x08003be8   Section      258  fmul.o(x$fpl$fmul)
    x$fpl$fnaninf                            0x08003cea   Section      140  fnaninf.o(x$fpl$fnaninf)
    x$fpl$fretinf                            0x08003d76   Section       10  fretinf.o(x$fpl$fretinf)
    x$fpl$frleqf                             0x08003d80   Section       98  frleqf.o(x$fpl$frleqf)
    x$fpl$frsb                               0x08003de2   Section       20  faddsub_clz.o(x$fpl$frsb)
    x$fpl$fsub                               0x08003df8   Section      234  faddsub_clz.o(x$fpl$fsub)
    _fsub1                                   0x08003e07   Thumb Code     0  faddsub_clz.o(x$fpl$fsub)
    x$fpl$printf1                            0x08003ee2   Section        4  printf1.o(x$fpl$printf1)
    .constdata                               0x08003ee6   Section       24  system_stm32f1xx.o(.constdata)
    x$fpl$usenofp                            0x08003ee6   Section        0  usenofp.o(x$fpl$usenofp)
    .constdata                               0x08003efe   Section     6080  atk_oled.o(.constdata)
    .constdata                               0x080056c0   Section      148  bigflt0.o(.constdata)
    tenpwrs_x                                0x080056c0   Data          60  bigflt0.o(.constdata)
    tenpwrs_i                                0x080056fc   Data          64  bigflt0.o(.constdata)
    locale$$data                             0x08005774   Section       28  lc_numeric_c.o(locale$$data)
    __lcnum_c_name                           0x08005778   Data           2  lc_numeric_c.o(locale$$data)
    __lcnum_c_start                          0x08005780   Data           0  lc_numeric_c.o(locale$$data)
    __lcnum_c_point                          0x0800578c   Data           0  lc_numeric_c.o(locale$$data)
    __lcnum_c_thousands                      0x0800578e   Data           0  lc_numeric_c.o(locale$$data)
    __lcnum_c_grouping                       0x0800578f   Data           0  lc_numeric_c.o(locale$$data)
    __lcnum_c_end                            0x08005790   Data           0  lc_numeric_c.o(locale$$data)
    .data                                    0x20000000   Section        8  main.o(.data)
    .data                                    0x20000008   Section        4  system_stm32f1xx.o(.data)
    .data                                    0x2000000c   Section        9  stm32f1xx_hal.o(.data)
    .data                                    0x20000018   Section        4  delay.o(.data)
    g_fac_us                                 0x20000018   Data           4  delay.o(.data)
    .data                                    0x2000001c   Section        7  usart.o(.data)
    .data                                    0x20000024   Section        2  encoder.o(.data)
    last_count                               0x20000024   Data           2  encoder.o(.data)
    .data                                    0x20000026   Section        1  timer.o(.data)
    .data                                    0x20000028   Section       12  key.o(.data)
    up_last_state                            0x20000028   Data           1  key.o(.data)
    down_last_state                          0x20000029   Data           1  key.o(.data)
    up_last_time                             0x2000002c   Data           4  key.o(.data)
    down_last_time                           0x20000030   Data           4  key.o(.data)
    .bss                                     0x20000034   Section       56  main.o(.bss)
    .bss                                     0x2000006c   Section      264  usart.o(.bss)
    .bss                                     0x20000174   Section     1024  atk_oled.o(.bss)
    g_atk_oled_gram                          0x20000174   Data        1024  atk_oled.o(.bss)
    .bss                                     0x20000574   Section       72  pwm.o(.bss)
    htim2_pwm                                0x20000574   Data          72  pwm.o(.bss)
    .bss                                     0x200005bc   Section       72  encoder.o(.bss)
    htim3_encoder                            0x200005bc   Data          72  encoder.o(.bss)
    .bss                                     0x20000604   Section       72  timer.o(.bss)
    htim4                                    0x20000604   Data          72  timer.o(.bss)
    .bss                                     0x2000064c   Section       96  libspace.o(.bss)
    HEAP                                     0x200006b0   Section        0  startup_stm32f103xb.o(HEAP)
    STACK                                    0x200006b0   Section     1024  startup_stm32f103xb.o(STACK)
    Heap_Mem                                 0x200006b0   Data           0  startup_stm32f103xb.o(HEAP)
    Stack_Mem                                0x200006b0   Data        1024  startup_stm32f103xb.o(STACK)
    __initial_sp                             0x20000ab0   Data           0  startup_stm32f103xb.o(STACK)

    Global Symbols

    Symbol Name                              Value     Ov Type        Size  Object(Section)

    BuildAttributes$$THM_ISAv4$P$D$K$B$S$PE$A:L22UL41UL21$X:L11$S22US41US21$IEEE1$IW$USESV6$~STKCKD$USESV7$~SHL$OTIME$ROPI$IEEEJ$EBA8$UX$STANDARDLIB$REQ8$PRES8$EABIv2 0x00000000   Number         0  anon$$obj.o ABSOLUTE
    __ARM_use_no_argv                        0x00000000   Number         0  main.o ABSOLUTE
    _printf_flags                            0x00000000   Number         0  printf_stubs.o ABSOLUTE
    _printf_return_value                     0x00000000   Number         0  printf_stubs.o ABSOLUTE
    _printf_sizespec                         0x00000000   Number         0  printf_stubs.o ABSOLUTE
    _printf_widthprec                        0x00000000   Number         0  printf_stubs.o ABSOLUTE
    __ARM_exceptions_init                     - Undefined Weak Reference
    __alloca_initialize                       - Undefined Weak Reference
    __arm_preinit_                            - Undefined Weak Reference
    __cpp_initialize__aeabi_                  - Undefined Weak Reference
    __cxa_finalize                            - Undefined Weak Reference
    __sigvec_lookup                           - Undefined Weak Reference
    _atexit_init                              - Undefined Weak Reference
    _call_atexit_fns                          - Undefined Weak Reference
    _clock_init                               - Undefined Weak Reference
    _fp_trap_init                             - Undefined Weak Reference
    _fp_trap_shutdown                         - Undefined Weak Reference
    _get_lc_collate                           - Undefined Weak Reference
    _get_lc_ctype                             - Undefined Weak Reference
    _get_lc_monetary                          - Undefined Weak Reference
    _get_lc_time                              - Undefined Weak Reference
    _getenv_init                              - Undefined Weak Reference
    _handle_redirection                       - Undefined Weak Reference
    _init_alloc                               - Undefined Weak Reference
    _init_user_alloc                          - Undefined Weak Reference
    _initio                                   - Undefined Weak Reference
    _rand_init                                - Undefined Weak Reference
    _signal_finish                            - Undefined Weak Reference
    _signal_init                              - Undefined Weak Reference
    _terminate_alloc                          - Undefined Weak Reference
    _terminate_user_alloc                     - Undefined Weak Reference
    _terminateio                              - Undefined Weak Reference
    __Vectors_Size                           0x000000ec   Number         0  startup_stm32f103xb.o ABSOLUTE
    __Vectors                                0x08000000   Data           4  startup_stm32f103xb.o(RESET)
    __Vectors_End                            0x080000ec   Data           0  startup_stm32f103xb.o(RESET)
    __main                                   0x080000ed   Thumb Code     8  __main.o(!!!main)
    __scatterload                            0x080000f5   Thumb Code     0  __scatter.o(!!!scatter)
    __scatterload_rt2                        0x080000f5   Thumb Code    44  __scatter.o(!!!scatter)
    __scatterload_rt2_thumb_only             0x080000f5   Thumb Code     0  __scatter.o(!!!scatter)
    __scatterload_null                       0x08000103   Thumb Code     0  __scatter.o(!!!scatter)
    __scatterload_copy                       0x08000129   Thumb Code    26  __scatter_copy.o(!!handler_copy)
    __scatterload_zeroinit                   0x08000145   Thumb Code    28  __scatter_zi.o(!!handler_zi)
    _printf_f                                0x08000161   Thumb Code     0  _printf_f.o(.ARM.Collect$$_printf_percent$$00000003)
    _printf_percent                          0x08000161   Thumb Code     0  _printf_percent.o(.ARM.Collect$$_printf_percent$$00000000)
    _printf_percent_end                      0x08000167   Thumb Code     0  _printf_percent_end.o(.ARM.Collect$$_printf_percent$$00000017)
    __rt_lib_init                            0x0800016b   Thumb Code     0  libinit.o(.ARM.Collect$$libinit$$00000000)
    __rt_lib_init_fp_1                       0x0800016d   Thumb Code     0  libinit2.o(.ARM.Collect$$libinit$$00000002)
    __rt_lib_init_heap_1                     0x0800016d   Thumb Code     0  libinit2.o(.ARM.Collect$$libinit$$0000000A)
    __rt_lib_init_lc_common                  0x0800016d   Thumb Code     0  libinit2.o(.ARM.Collect$$libinit$$0000000F)
    __rt_lib_init_preinit_1                  0x0800016d   Thumb Code     0  libinit2.o(.ARM.Collect$$libinit$$00000004)
    __rt_lib_init_rand_1                     0x0800016d   Thumb Code     0  libinit2.o(.ARM.Collect$$libinit$$0000000E)
    __rt_lib_init_user_alloc_1               0x0800016d   Thumb Code     0  libinit2.o(.ARM.Collect$$libinit$$0000000C)
    __rt_lib_init_lc_collate_1               0x08000173   Thumb Code     0  libinit2.o(.ARM.Collect$$libinit$$00000011)
    __rt_lib_init_lc_ctype_1                 0x08000173   Thumb Code     0  libinit2.o(.ARM.Collect$$libinit$$00000013)
    __rt_lib_init_lc_monetary_1              0x08000173   Thumb Code     0  libinit2.o(.ARM.Collect$$libinit$$00000015)
    __rt_lib_init_lc_numeric_2               0x08000173   Thumb Code     0  libinit2.o(.ARM.Collect$$libinit$$00000016)
    __rt_lib_init_alloca_1                   0x0800017d   Thumb Code     0  libinit2.o(.ARM.Collect$$libinit$$0000002E)
    __rt_lib_init_argv_1                     0x0800017d   Thumb Code     0  libinit2.o(.ARM.Collect$$libinit$$0000002C)
    __rt_lib_init_atexit_1                   0x0800017d   Thumb Code     0  libinit2.o(.ARM.Collect$$libinit$$0000001B)
    __rt_lib_init_clock_1                    0x0800017d   Thumb Code     0  libinit2.o(.ARM.Collect$$libinit$$00000021)
    __rt_lib_init_cpp_1                      0x0800017d   Thumb Code     0  libinit2.o(.ARM.Collect$$libinit$$00000032)
    __rt_lib_init_exceptions_1               0x0800017d   Thumb Code     0  libinit2.o(.ARM.Collect$$libinit$$00000030)
    __rt_lib_init_fp_trap_1                  0x0800017d   Thumb Code     0  libinit2.o(.ARM.Collect$$libinit$$0000001F)
    __rt_lib_init_getenv_1                   0x0800017d   Thumb Code     0  libinit2.o(.ARM.Collect$$libinit$$00000023)
    __rt_lib_init_lc_numeric_1               0x0800017d   Thumb Code     0  libinit2.o(.ARM.Collect$$libinit$$00000017)
    __rt_lib_init_lc_time_1                  0x0800017d   Thumb Code     0  libinit2.o(.ARM.Collect$$libinit$$00000019)
    __rt_lib_init_return                     0x0800017d   Thumb Code     0  libinit2.o(.ARM.Collect$$libinit$$00000033)
    __rt_lib_init_signal_1                   0x0800017d   Thumb Code     0  libinit2.o(.ARM.Collect$$libinit$$0000001D)
    __rt_lib_init_stdio_1                    0x0800017d   Thumb Code     0  libinit2.o(.ARM.Collect$$libinit$$00000025)
    __rt_lib_shutdown                        0x0800017f   Thumb Code     0  libshutdown.o(.ARM.Collect$$libshutdown$$00000000)
    __rt_lib_shutdown_fp_trap_1              0x08000181   Thumb Code     0  libshutdown2.o(.ARM.Collect$$libshutdown$$00000006)
    __rt_lib_shutdown_heap_1                 0x08000181   Thumb Code     0  libshutdown2.o(.ARM.Collect$$libshutdown$$0000000E)
    __rt_lib_shutdown_return                 0x08000181   Thumb Code     0  libshutdown2.o(.ARM.Collect$$libshutdown$$0000000F)
    __rt_lib_shutdown_signal_1               0x08000181   Thumb Code     0  libshutdown2.o(.ARM.Collect$$libshutdown$$00000009)
    __rt_lib_shutdown_stdio_1                0x08000181   Thumb Code     0  libshutdown2.o(.ARM.Collect$$libshutdown$$00000003)
    __rt_lib_shutdown_user_alloc_1           0x08000181   Thumb Code     0  libshutdown2.o(.ARM.Collect$$libshutdown$$0000000B)
    __rt_entry                               0x08000183   Thumb Code     0  __rtentry.o(.ARM.Collect$$rtentry$$00000000)
    __rt_entry_presh_1                       0x08000183   Thumb Code     0  __rtentry2.o(.ARM.Collect$$rtentry$$00000002)
    __rt_entry_sh                            0x08000183   Thumb Code     0  __rtentry4.o(.ARM.Collect$$rtentry$$00000004)
    __rt_entry_li                            0x08000189   Thumb Code     0  __rtentry2.o(.ARM.Collect$$rtentry$$0000000A)
    __rt_entry_postsh_1                      0x08000189   Thumb Code     0  __rtentry2.o(.ARM.Collect$$rtentry$$00000009)
    __rt_entry_main                          0x0800018d   Thumb Code     0  __rtentry2.o(.ARM.Collect$$rtentry$$0000000D)
    __rt_entry_postli_1                      0x0800018d   Thumb Code     0  __rtentry2.o(.ARM.Collect$$rtentry$$0000000C)
    __rt_exit                                0x08000195   Thumb Code     0  rtexit.o(.ARM.Collect$$rtexit$$00000000)
    __rt_exit_ls                             0x08000197   Thumb Code     0  rtexit2.o(.ARM.Collect$$rtexit$$00000003)
    __rt_exit_prels_1                        0x08000197   Thumb Code     0  rtexit2.o(.ARM.Collect$$rtexit$$00000002)
    __rt_exit_exit                           0x0800019b   Thumb Code     0  rtexit2.o(.ARM.Collect$$rtexit$$00000004)
    Reset_Handler                            0x080001a1   Thumb Code     4  startup_stm32f103xb.o(.text)
    ADC1_2_IRQHandler                        0x080001b7   Thumb Code     0  startup_stm32f103xb.o(.text)
    CAN1_RX1_IRQHandler                      0x080001b7   Thumb Code     0  startup_stm32f103xb.o(.text)
    CAN1_SCE_IRQHandler                      0x080001b7   Thumb Code     0  startup_stm32f103xb.o(.text)
    DMA1_Channel1_IRQHandler                 0x080001b7   Thumb Code     0  startup_stm32f103xb.o(.text)
    DMA1_Channel2_IRQHandler                 0x080001b7   Thumb Code     0  startup_stm32f103xb.o(.text)
    DMA1_Channel3_IRQHandler                 0x080001b7   Thumb Code     0  startup_stm32f103xb.o(.text)
    DMA1_Channel4_IRQHandler                 0x080001b7   Thumb Code     0  startup_stm32f103xb.o(.text)
    DMA1_Channel5_IRQHandler                 0x080001b7   Thumb Code     0  startup_stm32f103xb.o(.text)
    DMA1_Channel6_IRQHandler                 0x080001b7   Thumb Code     0  startup_stm32f103xb.o(.text)
    DMA1_Channel7_IRQHandler                 0x080001b7   Thumb Code     0  startup_stm32f103xb.o(.text)
    EXTI0_IRQHandler                         0x080001b7   Thumb Code     0  startup_stm32f103xb.o(.text)
    EXTI15_10_IRQHandler                     0x080001b7   Thumb Code     0  startup_stm32f103xb.o(.text)
    EXTI1_IRQHandler                         0x080001b7   Thumb Code     0  startup_stm32f103xb.o(.text)
    EXTI2_IRQHandler                         0x080001b7   Thumb Code     0  startup_stm32f103xb.o(.text)
    EXTI3_IRQHandler                         0x080001b7   Thumb Code     0  startup_stm32f103xb.o(.text)
    EXTI4_IRQHandler                         0x080001b7   Thumb Code     0  startup_stm32f103xb.o(.text)
    EXTI9_5_IRQHandler                       0x080001b7   Thumb Code     0  startup_stm32f103xb.o(.text)
    FLASH_IRQHandler                         0x080001b7   Thumb Code     0  startup_stm32f103xb.o(.text)
    I2C1_ER_IRQHandler                       0x080001b7   Thumb Code     0  startup_stm32f103xb.o(.text)
    I2C1_EV_IRQHandler                       0x080001b7   Thumb Code     0  startup_stm32f103xb.o(.text)
    I2C2_ER_IRQHandler                       0x080001b7   Thumb Code     0  startup_stm32f103xb.o(.text)
    I2C2_EV_IRQHandler                       0x080001b7   Thumb Code     0  startup_stm32f103xb.o(.text)
    PVD_IRQHandler                           0x080001b7   Thumb Code     0  startup_stm32f103xb.o(.text)
    RCC_IRQHandler                           0x080001b7   Thumb Code     0  startup_stm32f103xb.o(.text)
    RTC_Alarm_IRQHandler                     0x080001b7   Thumb Code     0  startup_stm32f103xb.o(.text)
    RTC_IRQHandler                           0x080001b7   Thumb Code     0  startup_stm32f103xb.o(.text)
    SPI1_IRQHandler                          0x080001b7   Thumb Code     0  startup_stm32f103xb.o(.text)
    SPI2_IRQHandler                          0x080001b7   Thumb Code     0  startup_stm32f103xb.o(.text)
    TAMPER_IRQHandler                        0x080001b7   Thumb Code     0  startup_stm32f103xb.o(.text)
    TIM1_BRK_IRQHandler                      0x080001b7   Thumb Code     0  startup_stm32f103xb.o(.text)
    TIM1_CC_IRQHandler                       0x080001b7   Thumb Code     0  startup_stm32f103xb.o(.text)
    TIM1_TRG_COM_IRQHandler                  0x080001b7   Thumb Code     0  startup_stm32f103xb.o(.text)
    TIM1_UP_IRQHandler                       0x080001b7   Thumb Code     0  startup_stm32f103xb.o(.text)
    TIM2_IRQHandler                          0x080001b7   Thumb Code     0  startup_stm32f103xb.o(.text)
    TIM3_IRQHandler                          0x080001b7   Thumb Code     0  startup_stm32f103xb.o(.text)
    USART2_IRQHandler                        0x080001b7   Thumb Code     0  startup_stm32f103xb.o(.text)
    USART3_IRQHandler                        0x080001b7   Thumb Code     0  startup_stm32f103xb.o(.text)
    USBWakeUp_IRQHandler                     0x080001b7   Thumb Code     0  startup_stm32f103xb.o(.text)
    USB_HP_CAN1_TX_IRQHandler                0x080001b7   Thumb Code     0  startup_stm32f103xb.o(.text)
    USB_LP_CAN1_RX0_IRQHandler               0x080001b7   Thumb Code     0  startup_stm32f103xb.o(.text)
    WWDG_IRQHandler                          0x080001b7   Thumb Code     0  startup_stm32f103xb.o(.text)
    __user_initial_stackheap                 0x080001b9   Thumb Code     0  startup_stm32f103xb.o(.text)
    __use_no_semihosting                     0x080001d5   Thumb Code     2  use_no_semi_2.o(.text)
    __2sprintf                               0x080001d9   Thumb Code    34  noretval__2sprintf.o(.text)
    _printf_pre_padding                      0x08000201   Thumb Code    44  _printf_pad.o(.text)
    _printf_post_padding                     0x0800022d   Thumb Code    34  _printf_pad.o(.text)
    __printf                                 0x0800024f   Thumb Code   270  __printf_wp.o(.text)
    __aeabi_memclr4                          0x0800035d   Thumb Code     0  rt_memclr_w.o(.text)
    __aeabi_memclr8                          0x0800035d   Thumb Code     0  rt_memclr_w.o(.text)
    __rt_memclr_w                            0x0800035d   Thumb Code    78  rt_memclr_w.o(.text)
    _memset_w                                0x08000361   Thumb Code     0  rt_memclr_w.o(.text)
    __use_two_region_memory                  0x080003ab   Thumb Code     2  heapauxi.o(.text)
    __rt_heap_escrow$2region                 0x080003ad   Thumb Code     2  heapauxi.o(.text)
    __rt_heap_expand$2region                 0x080003af   Thumb Code     2  heapauxi.o(.text)
    __semihosting$guard                      0x080003b1   Thumb Code     0  use_no_semi.o(.text)
    __use_no_semihosting_swi                 0x080003b1   Thumb Code     2  use_no_semi.o(.text)
    __lib_sel_fp_printf                      0x080003b3   Thumb Code     2  _printf_fp_dec.o(.text)
    _printf_fp_dec_real                      0x08000561   Thumb Code   620  _printf_fp_dec.o(.text)
    _printf_char_common                      0x080007d7   Thumb Code    32  _printf_char_common.o(.text)
    _sputc                                   0x080007fd   Thumb Code    10  _sputc.o(.text)
    __rt_locale                              0x08000809   Thumb Code     8  rt_locale_intlibspace.o(.text)
    _ll_udiv10                               0x08000811   Thumb Code   138  lludiv10.o(.text)
    _printf_fp_infnan                        0x0800089d   Thumb Code   112  _printf_fp_infnan.o(.text)
    _btod_etento                             0x0800091d   Thumb Code   216  bigflt0.o(.text)
    __user_libspace                          0x080009f9   Thumb Code     8  libspace.o(.text)
    __user_perproc_libspace                  0x080009f9   Thumb Code     0  libspace.o(.text)
    __user_perthread_libspace                0x080009f9   Thumb Code     0  libspace.o(.text)
    __user_setup_stackheap                   0x08000a01   Thumb Code    74  sys_stackheap_outer.o(.text)
    exit                                     0x08000a4b   Thumb Code    12  exit.o(.text)
    strcmp                                   0x08000a59   Thumb Code   128  strcmpv7m.o(.text)
    _btod_d2e                                0x08000ad9   Thumb Code    62  btod.o(CL$$btod_d2e)
    _d2e_denorm_low                          0x08000b17   Thumb Code    70  btod.o(CL$$btod_d2e_denorm_low)
    _d2e_norm_op1                            0x08000b5d   Thumb Code    96  btod.o(CL$$btod_d2e_norm_op1)
    __btod_div_common                        0x08000bbd   Thumb Code   696  btod.o(CL$$btod_div_common)
    _e2e                                     0x08000ef5   Thumb Code   198  btod.o(CL$$btod_e2e)
    _btod_ediv                               0x08000fbb   Thumb Code    40  btod.o(CL$$btod_ediv)
    _btod_emul                               0x08000fe3   Thumb Code    40  btod.o(CL$$btod_emul)
    __btod_mult_common                       0x0800100b   Thumb Code   580  btod.o(CL$$btod_mult_common)
    BusFault_Handler                         0x0800124f   Thumb Code     4  stm32f1xx_it.o(i.BusFault_Handler)
    DebugMon_Handler                         0x08001253   Thumb Code     2  stm32f1xx_it.o(i.DebugMon_Handler)
    Encoder_ClearCount                       0x08001255   Thumb Code    14  encoder.o(i.Encoder_ClearCount)
    Encoder_GetCount                         0x0800126d   Thumb Code    10  encoder.o(i.Encoder_GetCount)
    Encoder_GetSpeed_RPM                     0x0800127d   Thumb Code    52  encoder.o(i.Encoder_GetSpeed_RPM)
    Encoder_Init                             0x080012bd   Thumb Code   190  encoder.o(i.Encoder_Init)
    HAL_DMA_Abort_IT                         0x08001391   Thumb Code   172  stm32f1xx_hal_dma.o(i.HAL_DMA_Abort_IT)
    HAL_GPIO_Init                            0x08001441   Thumb Code   766  stm32f1xx_hal_gpio.o(i.HAL_GPIO_Init)
    HAL_GPIO_ReadPin                         0x08001761   Thumb Code    16  stm32f1xx_hal_gpio.o(i.HAL_GPIO_ReadPin)
    HAL_GPIO_WritePin                        0x08001771   Thumb Code    12  stm32f1xx_hal_gpio.o(i.HAL_GPIO_WritePin)
    HAL_GetTick                              0x0800177d   Thumb Code     6  stm32f1xx_hal.o(i.HAL_GetTick)
    HAL_IncTick                              0x08001789   Thumb Code    16  stm32f1xx_hal.o(i.HAL_IncTick)
    HAL_Init                                 0x080017a1   Thumb Code    34  stm32f1xx_hal.o(i.HAL_Init)
    HAL_InitTick                             0x080017c9   Thumb Code    64  stm32f1xx_hal.o(i.HAL_InitTick)
    HAL_MspInit                              0x08001815   Thumb Code     2  stm32f1xx_hal.o(i.HAL_MspInit)
    HAL_NVIC_EnableIRQ                       0x08001817   Thumb Code    32  stm32f1xx_hal_cortex.o(i.HAL_NVIC_EnableIRQ)
    HAL_NVIC_SetPriority                     0x08001837   Thumb Code   124  stm32f1xx_hal_cortex.o(i.HAL_NVIC_SetPriority)
    HAL_NVIC_SetPriorityGrouping             0x080018b5   Thumb Code    32  stm32f1xx_hal_cortex.o(i.HAL_NVIC_SetPriorityGrouping)
    HAL_RCC_ClockConfig                      0x080018dd   Thumb Code   376  stm32f1xx_hal_rcc.o(i.HAL_RCC_ClockConfig)
    HAL_RCC_GetSysClockFreq                  0x08001a69   Thumb Code   116  stm32f1xx_hal_rcc.o(i.HAL_RCC_GetSysClockFreq)
    HAL_RCC_OscConfig                        0x08001afd   Thumb Code  1114  stm32f1xx_hal_rcc.o(i.HAL_RCC_OscConfig)
    HAL_SYSTICK_Config                       0x08001f61   Thumb Code    52  stm32f1xx_hal_cortex.o(i.HAL_SYSTICK_Config)
    HAL_TIM_Base_Init                        0x08001f95   Thumb Code   102  stm32f1xx_hal_tim.o(i.HAL_TIM_Base_Init)
    HAL_TIM_Base_MspInit                     0x08001ffb   Thumb Code     2  stm32f1xx_hal_tim.o(i.HAL_TIM_Base_MspInit)
    HAL_TIM_Base_Start_IT                    0x08001ffd   Thumb Code   106  stm32f1xx_hal_tim.o(i.HAL_TIM_Base_Start_IT)
    HAL_TIM_Encoder_Init                     0x08002075   Thumb Code   196  stm32f1xx_hal_tim.o(i.HAL_TIM_Encoder_Init)
    HAL_TIM_Encoder_MspInit                  0x08002139   Thumb Code     2  stm32f1xx_hal_tim.o(i.HAL_TIM_Encoder_MspInit)
    HAL_TIM_Encoder_Start                    0x0800213b   Thumb Code   204  stm32f1xx_hal_tim.o(i.HAL_TIM_Encoder_Start)
    HAL_TIM_PWM_ConfigChannel                0x08002207   Thumb Code   252  stm32f1xx_hal_tim.o(i.HAL_TIM_PWM_ConfigChannel)
    HAL_TIM_PWM_Init                         0x08002303   Thumb Code   102  stm32f1xx_hal_tim.o(i.HAL_TIM_PWM_Init)
    HAL_TIM_PWM_MspInit                      0x08002369   Thumb Code     2  stm32f1xx_hal_tim.o(i.HAL_TIM_PWM_MspInit)
    HAL_TIM_PWM_Start                        0x0800236d   Thumb Code   198  stm32f1xx_hal_tim.o(i.HAL_TIM_PWM_Start)
    HAL_UART_ErrorCallback                   0x08002441   Thumb Code     2  stm32f1xx_hal_uart.o(i.HAL_UART_ErrorCallback)
    HAL_UART_IRQHandler                      0x08002445   Thumb Code   334  stm32f1xx_hal_uart.o(i.HAL_UART_IRQHandler)
    HAL_UART_Receive_IT                      0x08002599   Thumb Code   112  stm32f1xx_hal_uart.o(i.HAL_UART_Receive_IT)
    HAL_UART_RxCpltCallback                  0x08002609   Thumb Code   120  usart.o(i.HAL_UART_RxCpltCallback)
    HAL_UART_TxCpltCallback                  0x08002691   Thumb Code     2  stm32f1xx_hal_uart.o(i.HAL_UART_TxCpltCallback)
    HardFault_Handler                        0x08002693   Thumb Code     4  stm32f1xx_it.o(i.HardFault_Handler)
    KEY_Init                                 0x08002699   Thumb Code    70  key.o(i.KEY_Init)
    KEY_Scan                                 0x080026e9   Thumb Code   116  key.o(i.KEY_Scan)
    MemManage_Handler                        0x08002771   Thumb Code     4  stm32f1xx_it.o(i.MemManage_Handler)
    NMI_Handler                              0x08002775   Thumb Code     2  stm32f1xx_it.o(i.NMI_Handler)
    OLED_show                                0x08002779   Thumb Code   174  main.o(i.OLED_show)
    PID_Compute                              0x08002859   Thumb Code   252  pid.o(i.PID_Compute)
    PID_Init                                 0x08002955   Thumb Code    50  pid.o(i.PID_Init)
    PID_SetTarget                            0x08002991   Thumb Code     4  pid.o(i.PID_SetTarget)
    PWM_Init                                 0x08002995   Thumb Code   162  pwm.o(i.PWM_Init)
    PWM_SetDuty                              0x08002a45   Thumb Code    34  pwm.o(i.PWM_SetDuty)
    PendSV_Handler                           0x08002a6d   Thumb Code     2  stm32f1xx_it.o(i.PendSV_Handler)
    SVC_Handler                              0x08002a99   Thumb Code     2  stm32f1xx_it.o(i.SVC_Handler)
    SysTick_Handler                          0x08002a9b   Thumb Code     8  stm32f1xx_it.o(i.SysTick_Handler)
    TIM4_IRQHandler                          0x08002aa5   Thumb Code    30  timer.o(i.TIM4_IRQHandler)
    TIM_Base_SetConfig                       0x08002acd   Thumb Code   104  stm32f1xx_hal_tim.o(i.TIM_Base_SetConfig)
    TIM_CCxChannelCmd                        0x08002b41   Thumb Code    34  stm32f1xx_hal_tim.o(i.TIM_CCxChannelCmd)
    TIM_OC2_SetConfig                        0x08002bc5   Thumb Code   100  stm32f1xx_hal_tim.o(i.TIM_OC2_SetConfig)
    Timer_Init                               0x08002cdd   Thumb Code    62  timer.o(i.Timer_Init)
    Timer_Start_IT                           0x08002d29   Thumb Code    26  timer.o(i.Timer_Start_IT)
    USART1_IRQHandler                        0x08002e9d   Thumb Code    26  usart.o(i.USART1_IRQHandler)
    UsageFault_Handler                       0x08002ec1   Thumb Code     4  stm32f1xx_it.o(i.UsageFault_Handler)
    __ARM_fpclassify                         0x08002ec5   Thumb Code    40  fpclassify.o(i.__ARM_fpclassify)
    _is_digit                                0x08002f25   Thumb Code    14  __printf_wp.o(i._is_digit)
    _sys_exit                                0x08002f33   Thumb Code     4  usart.o(i._sys_exit)
    atk_oled_clear                           0x08002f39   Thumb Code    42  atk_oled.o(i.atk_oled_clear)
    atk_oled_draw_point                      0x08002f69   Thumb Code    92  atk_oled.o(i.atk_oled_draw_point)
    atk_oled_init                            0x08002fc9   Thumb Code   212  atk_oled.o(i.atk_oled_init)
    atk_oled_refresh_gram                    0x0800309d   Thumb Code    70  atk_oled.o(i.atk_oled_refresh_gram)
    atk_oled_show_char                       0x080030e9   Thumb Code   266  atk_oled.o(i.atk_oled_show_char)
    atk_oled_show_string                     0x08003201   Thumb Code    94  atk_oled.o(i.atk_oled_show_string)
    delay_init                               0x08003299   Thumb Code     6  delay.o(i.delay_init)
    delay_us                                 0x080032a5   Thumb Code    68  delay.o(i.delay_us)
    iic_ack                                  0x080032ed   Thumb Code    76  myiic.o(i.iic_ack)
    iic_init                                 0x08003349   Thumb Code   112  myiic.o(i.iic_init)
    iic_send_byte                            0x080033c1   Thumb Code   102  myiic.o(i.iic_send_byte)
    iic_start                                0x0800342d   Thumb Code    72  myiic.o(i.iic_start)
    iic_stop                                 0x08003479   Thumb Code    58  myiic.o(i.iic_stop)
    led_init                                 0x080034b9   Thumb Code    76  led.o(i.led_init)
    main                                     0x0800350d   Thumb Code   294  main.o(i.main)
    sys_stm32_clock_init                     0x08003655   Thumb Code   102  sys.o(i.sys_stm32_clock_init)
    _get_lc_numeric                          0x080036bd   Thumb Code    44  lc_numeric_c.o(locale$$code)
    __fpl_dcmp_Inf                           0x080036e9   Thumb Code    24  dcmpi.o(x$fpl$dcmpinf)
    __aeabi_cdcmple                          0x08003701   Thumb Code     0  dleqf.o(x$fpl$dleqf)
    _dcmple                                  0x08003701   Thumb Code   120  dleqf.o(x$fpl$dleqf)
    __fpl_dcmple_InfNaN                      0x08003763   Thumb Code     0  dleqf.o(x$fpl$dleqf)
    __fpl_dnaninf                            0x08003779   Thumb Code   156  dnaninf.o(x$fpl$dnaninf)
    __fpl_dretinf                            0x08003815   Thumb Code    12  dretinf.o(x$fpl$dretinf)
    __aeabi_f2d                              0x08003821   Thumb Code     0  f2d.o(x$fpl$f2d)
    _f2d                                     0x08003821   Thumb Code    86  f2d.o(x$fpl$f2d)
    __aeabi_fadd                             0x08003879   Thumb Code     0  faddsub_clz.o(x$fpl$fadd)
    _fadd                                    0x08003879   Thumb Code   196  faddsub_clz.o(x$fpl$fadd)
    __fpl_fcmp_Inf                           0x0800393d   Thumb Code    24  fcmpi.o(x$fpl$fcmpinf)
    __aeabi_fdiv                             0x08003955   Thumb Code     0  fdiv.o(x$fpl$fdiv)
    _fdiv                                    0x08003955   Thumb Code   384  fdiv.o(x$fpl$fdiv)
    __aeabi_f2iz                             0x08003ad9   Thumb Code     0  ffix.o(x$fpl$ffix)
    _ffix                                    0x08003ad9   Thumb Code    54  ffix.o(x$fpl$ffix)
    __aeabi_f2uiz                            0x08003b11   Thumb Code     0  ffixu.o(x$fpl$ffixu)
    _ffixu                                   0x08003b11   Thumb Code    62  ffixu.o(x$fpl$ffixu)
    __aeabi_i2f                              0x08003b51   Thumb Code     0  fflt_clz.o(x$fpl$fflt)
    _fflt                                    0x08003b51   Thumb Code    48  fflt_clz.o(x$fpl$fflt)
    __aeabi_cfcmple                          0x08003b81   Thumb Code     0  fleqf.o(x$fpl$fleqf)
    _fcmple                                  0x08003b81   Thumb Code   104  fleqf.o(x$fpl$fleqf)
    __fpl_fcmple_InfNaN                      0x08003bd3   Thumb Code     0  fleqf.o(x$fpl$fleqf)
    __aeabi_fmul                             0x08003be9   Thumb Code     0  fmul.o(x$fpl$fmul)
    _fmul                                    0x08003be9   Thumb Code   258  fmul.o(x$fpl$fmul)
    __fpl_fnaninf                            0x08003ceb   Thumb Code   140  fnaninf.o(x$fpl$fnaninf)
    __fpl_fretinf                            0x08003d77   Thumb Code    10  fretinf.o(x$fpl$fretinf)
    __aeabi_cfrcmple                         0x08003d81   Thumb Code     0  frleqf.o(x$fpl$frleqf)
    _frcmple                                 0x08003d81   Thumb Code    98  frleqf.o(x$fpl$frleqf)
    __aeabi_frsub                            0x08003de3   Thumb Code     0  faddsub_clz.o(x$fpl$frsb)
    _frsb                                    0x08003de3   Thumb Code    20  faddsub_clz.o(x$fpl$frsb)
    __aeabi_fsub                             0x08003df9   Thumb Code     0  faddsub_clz.o(x$fpl$fsub)
    _fsub                                    0x08003df9   Thumb Code   234  faddsub_clz.o(x$fpl$fsub)
    _printf_fp_dec                           0x08003ee3   Thumb Code     4  printf1.o(x$fpl$printf1)
    AHBPrescTable                            0x08003ee6   Data          16  system_stm32f1xx.o(.constdata)
    __I$use$fp                               0x08003ee6   Number         0  usenofp.o(x$fpl$usenofp)
    APBPrescTable                            0x08003ef6   Data           8  system_stm32f1xx.o(.constdata)
    oled_asc2_1206                           0x08003efe   Data        1140  atk_oled.o(.constdata)
    oled_asc2_1608                           0x08004372   Data        1520  atk_oled.o(.constdata)
    oled_asc2_2412                           0x08004962   Data        3420  atk_oled.o(.constdata)
    Region$$Table$$Base                      0x08005754   Number         0  anon$$obj.o(Region$$Table)
    Region$$Table$$Limit                     0x08005774   Number         0  anon$$obj.o(Region$$Table)
    speed_sv                                 0x20000000   Data           4  main.o(.data)
    speed_cv                                 0x20000004   Data           4  main.o(.data)
    SystemCoreClock                          0x20000008   Data           4  system_stm32f1xx.o(.data)
    uwTick                                   0x2000000c   Data           4  stm32f1xx_hal.o(.data)
    uwTickPrio                               0x20000010   Data           4  stm32f1xx_hal.o(.data)
    uwTickFreq                               0x20000014   Data           1  stm32f1xx_hal.o(.data)
    __stdout                                 0x2000001c   Data           4  usart.o(.data)
    g_usart_rx_sta                           0x20000020   Data           2  usart.o(.data)
    g_rx_buffer                              0x20000022   Data           1  usart.o(.data)
    timer10ms_flag                           0x20000026   Data           1  timer.o(.data)
    speed_pid                                0x20000034   Data          56  main.o(.bss)
    g_usart_rx_buf                           0x2000006c   Data         200  usart.o(.bss)
    g_uart1_handle                           0x20000134   Data          64  usart.o(.bss)
    __libspace_start                         0x2000064c   Data          96  libspace.o(.bss)
    __temporary_stack_top$libspace           0x200006ac   Data           0  libspace.o(.bss)



==============================================================================

Memory Map of the image

  Image Entry point : 0x080000ed

  Load Region LR_IROM1 (Base: 0x08000000, Size: 0x000057c4, Max: 0x00010000, ABSOLUTE)

    Execution Region ER_IROM1 (Exec base: 0x08000000, Load base: 0x08000000, Size: 0x00005790, Max: 0x00010000, ABSOLUTE)

    Exec Addr    Load Addr    Size         Type   Attr      Idx    E Section Name        Object

    0x08000000   0x08000000   0x000000ec   Data   RO            3    RESET               startup_stm32f103xb.o
    0x080000ec   0x080000ec   0x00000008   Code   RO         3486  * !!!main             c_w.l(__main.o)
    0x080000f4   0x080000f4   0x00000034   Code   RO         3736    !!!scatter          c_w.l(__scatter.o)
    0x08000128   0x08000128   0x0000001a   Code   RO         3738    !!handler_copy      c_w.l(__scatter_copy.o)
    0x08000142   0x08000142   0x00000002   PAD
    0x08000144   0x08000144   0x0000001c   Code   RO         3740    !!handler_zi        c_w.l(__scatter_zi.o)
    0x08000160   0x08000160   0x00000000   Code   RO         3481    .ARM.Collect$$_printf_percent$$00000000  c_w.l(_printf_percent.o)
    0x08000160   0x08000160   0x00000006   Code   RO         3480    .ARM.Collect$$_printf_percent$$00000003  c_w.l(_printf_f.o)
    0x08000166   0x08000166   0x00000004   Code   RO         3533    .ARM.Collect$$_printf_percent$$00000017  c_w.l(_printf_percent_end.o)
    0x0800016a   0x0800016a   0x00000002   Code   RO         3619    .ARM.Collect$$libinit$$00000000  c_w.l(libinit.o)
    0x0800016c   0x0800016c   0x00000000   Code   RO         3621    .ARM.Collect$$libinit$$00000002  c_w.l(libinit2.o)
    0x0800016c   0x0800016c   0x00000000   Code   RO         3623    .ARM.Collect$$libinit$$00000004  c_w.l(libinit2.o)
    0x0800016c   0x0800016c   0x00000000   Code   RO         3626    .ARM.Collect$$libinit$$0000000A  c_w.l(libinit2.o)
    0x0800016c   0x0800016c   0x00000000   Code   RO         3628    .ARM.Collect$$libinit$$0000000C  c_w.l(libinit2.o)
    0x0800016c   0x0800016c   0x00000000   Code   RO         3630    .ARM.Collect$$libinit$$0000000E  c_w.l(libinit2.o)
    0x0800016c   0x0800016c   0x00000006   Code   RO         3631    .ARM.Collect$$libinit$$0000000F  c_w.l(libinit2.o)
    0x08000172   0x08000172   0x00000000   Code   RO         3633    .ARM.Collect$$libinit$$00000011  c_w.l(libinit2.o)
    0x08000172   0x08000172   0x00000000   Code   RO         3635    .ARM.Collect$$libinit$$00000013  c_w.l(libinit2.o)
    0x08000172   0x08000172   0x00000000   Code   RO         3637    .ARM.Collect$$libinit$$00000015  c_w.l(libinit2.o)
    0x08000172   0x08000172   0x0000000a   Code   RO         3638    .ARM.Collect$$libinit$$00000016  c_w.l(libinit2.o)
    0x0800017c   0x0800017c   0x00000000   Code   RO         3639    .ARM.Collect$$libinit$$00000017  c_w.l(libinit2.o)
    0x0800017c   0x0800017c   0x00000000   Code   RO         3641    .ARM.Collect$$libinit$$00000019  c_w.l(libinit2.o)
    0x0800017c   0x0800017c   0x00000000   Code   RO         3643    .ARM.Collect$$libinit$$0000001B  c_w.l(libinit2.o)
    0x0800017c   0x0800017c   0x00000000   Code   RO         3645    .ARM.Collect$$libinit$$0000001D  c_w.l(libinit2.o)
    0x0800017c   0x0800017c   0x00000000   Code   RO         3647    .ARM.Collect$$libinit$$0000001F  c_w.l(libinit2.o)
    0x0800017c   0x0800017c   0x00000000   Code   RO         3649    .ARM.Collect$$libinit$$00000021  c_w.l(libinit2.o)
    0x0800017c   0x0800017c   0x00000000   Code   RO         3651    .ARM.Collect$$libinit$$00000023  c_w.l(libinit2.o)
    0x0800017c   0x0800017c   0x00000000   Code   RO         3653    .ARM.Collect$$libinit$$00000025  c_w.l(libinit2.o)
    0x0800017c   0x0800017c   0x00000000   Code   RO         3657    .ARM.Collect$$libinit$$0000002C  c_w.l(libinit2.o)
    0x0800017c   0x0800017c   0x00000000   Code   RO         3659    .ARM.Collect$$libinit$$0000002E  c_w.l(libinit2.o)
    0x0800017c   0x0800017c   0x00000000   Code   RO         3661    .ARM.Collect$$libinit$$00000030  c_w.l(libinit2.o)
    0x0800017c   0x0800017c   0x00000000   Code   RO         3663    .ARM.Collect$$libinit$$00000032  c_w.l(libinit2.o)
    0x0800017c   0x0800017c   0x00000002   Code   RO         3664    .ARM.Collect$$libinit$$00000033  c_w.l(libinit2.o)
    0x0800017e   0x0800017e   0x00000002   Code   RO         3690    .ARM.Collect$$libshutdown$$00000000  c_w.l(libshutdown.o)
    0x08000180   0x08000180   0x00000000   Code   RO         3699    .ARM.Collect$$libshutdown$$00000003  c_w.l(libshutdown2.o)
    0x08000180   0x08000180   0x00000000   Code   RO         3702    .ARM.Collect$$libshutdown$$00000006  c_w.l(libshutdown2.o)
    0x08000180   0x08000180   0x00000000   Code   RO         3705    .ARM.Collect$$libshutdown$$00000009  c_w.l(libshutdown2.o)
    0x08000180   0x08000180   0x00000000   Code   RO         3707    .ARM.Collect$$libshutdown$$0000000B  c_w.l(libshutdown2.o)
    0x08000180   0x08000180   0x00000000   Code   RO         3710    .ARM.Collect$$libshutdown$$0000000E  c_w.l(libshutdown2.o)
    0x08000180   0x08000180   0x00000002   Code   RO         3711    .ARM.Collect$$libshutdown$$0000000F  c_w.l(libshutdown2.o)
    0x08000182   0x08000182   0x00000000   Code   RO         3526    .ARM.Collect$$rtentry$$00000000  c_w.l(__rtentry.o)
    0x08000182   0x08000182   0x00000000   Code   RO         3548    .ARM.Collect$$rtentry$$00000002  c_w.l(__rtentry2.o)
    0x08000182   0x08000182   0x00000006   Code   RO         3560    .ARM.Collect$$rtentry$$00000004  c_w.l(__rtentry4.o)
    0x08000188   0x08000188   0x00000000   Code   RO         3550    .ARM.Collect$$rtentry$$00000009  c_w.l(__rtentry2.o)
    0x08000188   0x08000188   0x00000004   Code   RO         3551    .ARM.Collect$$rtentry$$0000000A  c_w.l(__rtentry2.o)
    0x0800018c   0x0800018c   0x00000000   Code   RO         3553    .ARM.Collect$$rtentry$$0000000C  c_w.l(__rtentry2.o)
    0x0800018c   0x0800018c   0x00000008   Code   RO         3554    .ARM.Collect$$rtentry$$0000000D  c_w.l(__rtentry2.o)
    0x08000194   0x08000194   0x00000002   Code   RO         3665    .ARM.Collect$$rtexit$$00000000  c_w.l(rtexit.o)
    0x08000196   0x08000196   0x00000000   Code   RO         3672    .ARM.Collect$$rtexit$$00000002  c_w.l(rtexit2.o)
    0x08000196   0x08000196   0x00000004   Code   RO         3673    .ARM.Collect$$rtexit$$00000003  c_w.l(rtexit2.o)
    0x0800019a   0x0800019a   0x00000006   Code   RO         3674    .ARM.Collect$$rtexit$$00000004  c_w.l(rtexit2.o)
    0x080001a0   0x080001a0   0x00000034   Code   RO            4    .text               startup_stm32f103xb.o
    0x080001d4   0x080001d4   0x00000002   Code   RO         3450    .text               c_w.l(use_no_semi_2.o)
    0x080001d6   0x080001d6   0x00000002   PAD
    0x080001d8   0x080001d8   0x00000028   Code   RO         3454    .text               c_w.l(noretval__2sprintf.o)
    0x08000200   0x08000200   0x0000004e   Code   RO         3458    .text               c_w.l(_printf_pad.o)
    0x0800024e   0x0800024e   0x0000010e   Code   RO         3468    .text               c_w.l(__printf_wp.o)
    0x0800035c   0x0800035c   0x0000004e   Code   RO         3482    .text               c_w.l(rt_memclr_w.o)
    0x080003aa   0x080003aa   0x00000006   Code   RO         3484    .text               c_w.l(heapauxi.o)
    0x080003b0   0x080003b0   0x00000002   Code   RO         3524    .text               c_w.l(use_no_semi.o)
    0x080003b2   0x080003b2   0x0000041a   Code   RO         3527    .text               c_w.l(_printf_fp_dec.o)
    0x080007cc   0x080007cc   0x00000030   Code   RO         3529    .text               c_w.l(_printf_char_common.o)
    0x080007fc   0x080007fc   0x0000000a   Code   RO         3531    .text               c_w.l(_sputc.o)
    0x08000806   0x08000806   0x00000002   PAD
    0x08000808   0x08000808   0x00000008   Code   RO         3565    .text               c_w.l(rt_locale_intlibspace.o)
    0x08000810   0x08000810   0x0000008a   Code   RO         3567    .text               c_w.l(lludiv10.o)
    0x0800089a   0x0800089a   0x00000002   PAD
    0x0800089c   0x0800089c   0x00000080   Code   RO         3569    .text               c_w.l(_printf_fp_infnan.o)
    0x0800091c   0x0800091c   0x000000dc   Code   RO         3573    .text               c_w.l(bigflt0.o)
    0x080009f8   0x080009f8   0x00000008   Code   RO         3605    .text               c_w.l(libspace.o)
    0x08000a00   0x08000a00   0x0000004a   Code   RO         3608    .text               c_w.l(sys_stackheap_outer.o)
    0x08000a4a   0x08000a4a   0x0000000c   Code   RO         3610    .text               c_w.l(exit.o)
    0x08000a56   0x08000a56   0x00000002   PAD
    0x08000a58   0x08000a58   0x00000080   Code   RO         3612    .text               c_w.l(strcmpv7m.o)
    0x08000ad8   0x08000ad8   0x0000003e   Code   RO         3576    CL$$btod_d2e        c_w.l(btod.o)
    0x08000b16   0x08000b16   0x00000046   Code   RO         3578    CL$$btod_d2e_denorm_low  c_w.l(btod.o)
    0x08000b5c   0x08000b5c   0x00000060   Code   RO         3577    CL$$btod_d2e_norm_op1  c_w.l(btod.o)
    0x08000bbc   0x08000bbc   0x00000338   Code   RO         3586    CL$$btod_div_common  c_w.l(btod.o)
    0x08000ef4   0x08000ef4   0x000000c6   Code   RO         3583    CL$$btod_e2e        c_w.l(btod.o)
    0x08000fba   0x08000fba   0x00000028   Code   RO         3580    CL$$btod_ediv       c_w.l(btod.o)
    0x08000fe2   0x08000fe2   0x00000028   Code   RO         3579    CL$$btod_emul       c_w.l(btod.o)
    0x0800100a   0x0800100a   0x00000244   Code   RO         3585    CL$$btod_mult_common  c_w.l(btod.o)
    0x0800124e   0x0800124e   0x00000004   Code   RO          252    i.BusFault_Handler  stm32f1xx_it.o
    0x08001252   0x08001252   0x00000002   Code   RO          253    i.DebugMon_Handler  stm32f1xx_it.o
    0x08001254   0x08001254   0x00000018   Code   RO         3325    i.Encoder_ClearCount  encoder.o
    0x0800126c   0x0800126c   0x00000010   Code   RO         3326    i.Encoder_GetCount  encoder.o
    0x0800127c   0x0800127c   0x00000040   Code   RO         3327    i.Encoder_GetSpeed_RPM  encoder.o
    0x080012bc   0x080012bc   0x000000d4   Code   RO         3328    i.Encoder_Init      encoder.o
    0x08001390   0x08001390   0x000000b0   Code   RO          702    i.HAL_DMA_Abort_IT  stm32f1xx_hal_dma.o
    0x08001440   0x08001440   0x00000320   Code   RO          798    i.HAL_GPIO_Init     stm32f1xx_hal_gpio.o
    0x08001760   0x08001760   0x00000010   Code   RO          800    i.HAL_GPIO_ReadPin  stm32f1xx_hal_gpio.o
    0x08001770   0x08001770   0x0000000c   Code   RO          802    i.HAL_GPIO_WritePin  stm32f1xx_hal_gpio.o
    0x0800177c   0x0800177c   0x0000000c   Code   RO          415    i.HAL_GetTick       stm32f1xx_hal.o
    0x08001788   0x08001788   0x00000018   Code   RO          421    i.HAL_IncTick       stm32f1xx_hal.o
    0x080017a0   0x080017a0   0x00000028   Code   RO          422    i.HAL_Init          stm32f1xx_hal.o
    0x080017c8   0x080017c8   0x0000004c   Code   RO          423    i.HAL_InitTick      stm32f1xx_hal.o
    0x08001814   0x08001814   0x00000002   Code   RO          425    i.HAL_MspInit       stm32f1xx_hal.o
    0x08001816   0x08001816   0x00000020   Code   RO          580    i.HAL_NVIC_EnableIRQ  stm32f1xx_hal_cortex.o
    0x08001836   0x08001836   0x0000007c   Code   RO          586    i.HAL_NVIC_SetPriority  stm32f1xx_hal_cortex.o
    0x080018b2   0x080018b2   0x00000002   PAD
    0x080018b4   0x080018b4   0x00000028   Code   RO          587    i.HAL_NVIC_SetPriorityGrouping  stm32f1xx_hal_cortex.o
    0x080018dc   0x080018dc   0x0000018c   Code   RO          898    i.HAL_RCC_ClockConfig  stm32f1xx_hal_rcc.o
    0x08001a68   0x08001a68   0x00000094   Code   RO          907    i.HAL_RCC_GetSysClockFreq  stm32f1xx_hal_rcc.o
    0x08001afc   0x08001afc   0x00000464   Code   RO          910    i.HAL_RCC_OscConfig  stm32f1xx_hal_rcc.o
    0x08001f60   0x08001f60   0x00000034   Code   RO          591    i.HAL_SYSTICK_Config  stm32f1xx_hal_cortex.o
    0x08001f94   0x08001f94   0x00000066   Code   RO         1915    i.HAL_TIM_Base_Init  stm32f1xx_hal_tim.o
    0x08001ffa   0x08001ffa   0x00000002   Code   RO         1917    i.HAL_TIM_Base_MspInit  stm32f1xx_hal_tim.o
    0x08001ffc   0x08001ffc   0x00000078   Code   RO         1920    i.HAL_TIM_Base_Start_IT  stm32f1xx_hal_tim.o
    0x08002074   0x08002074   0x000000c4   Code   RO         1936    i.HAL_TIM_Encoder_Init  stm32f1xx_hal_tim.o
    0x08002138   0x08002138   0x00000002   Code   RO         1938    i.HAL_TIM_Encoder_MspInit  stm32f1xx_hal_tim.o
    0x0800213a   0x0800213a   0x000000cc   Code   RO         1939    i.HAL_TIM_Encoder_Start  stm32f1xx_hal_tim.o
    0x08002206   0x08002206   0x000000fc   Code   RO         1987    i.HAL_TIM_PWM_ConfigChannel  stm32f1xx_hal_tim.o
    0x08002302   0x08002302   0x00000066   Code   RO         1990    i.HAL_TIM_PWM_Init  stm32f1xx_hal_tim.o
    0x08002368   0x08002368   0x00000002   Code   RO         1992    i.HAL_TIM_PWM_MspInit  stm32f1xx_hal_tim.o
    0x0800236a   0x0800236a   0x00000002   PAD
    0x0800236c   0x0800236c   0x000000d4   Code   RO         1995    i.HAL_TIM_PWM_Start  stm32f1xx_hal_tim.o
    0x08002440   0x08002440   0x00000002   Code   RO         1061    i.HAL_UART_ErrorCallback  stm32f1xx_hal_uart.o
    0x08002442   0x08002442   0x00000002   PAD
    0x08002444   0x08002444   0x00000154   Code   RO         1064    i.HAL_UART_IRQHandler  stm32f1xx_hal_uart.o
    0x08002598   0x08002598   0x00000070   Code   RO         1070    i.HAL_UART_Receive_IT  stm32f1xx_hal_uart.o
    0x08002608   0x08002608   0x00000088   Code   RO         3015    i.HAL_UART_RxCpltCallback  usart.o
    0x08002690   0x08002690   0x00000002   Code   RO         1076    i.HAL_UART_TxCpltCallback  stm32f1xx_hal_uart.o
    0x08002692   0x08002692   0x00000004   Code   RO          254    i.HardFault_Handler  stm32f1xx_it.o
    0x08002696   0x08002696   0x00000002   PAD
    0x08002698   0x08002698   0x00000050   Code   RO         3416    i.KEY_Init          key.o
    0x080026e8   0x080026e8   0x00000088   Code   RO         3417    i.KEY_Scan          key.o
    0x08002770   0x08002770   0x00000004   Code   RO          255    i.MemManage_Handler  stm32f1xx_it.o
    0x08002774   0x08002774   0x00000002   Code   RO          256    i.NMI_Handler       stm32f1xx_it.o
    0x08002776   0x08002776   0x00000002   PAD
    0x08002778   0x08002778   0x000000e0   Code   RO           13    i.OLED_show         main.o
    0x08002858   0x08002858   0x000000fc   Code   RO          364    i.PID_Compute       pid.o
    0x08002954   0x08002954   0x0000003c   Code   RO          365    i.PID_Init          pid.o
    0x08002990   0x08002990   0x00000004   Code   RO          366    i.PID_SetTarget     pid.o
    0x08002994   0x08002994   0x000000b0   Code   RO         3290    i.PWM_Init          pwm.o
    0x08002a44   0x08002a44   0x00000028   Code   RO         3291    i.PWM_SetDuty       pwm.o
    0x08002a6c   0x08002a6c   0x00000002   Code   RO          257    i.PendSV_Handler    stm32f1xx_it.o
    0x08002a6e   0x08002a6e   0x00000002   PAD
    0x08002a70   0x08002a70   0x00000028   Code   RO          911    i.RCC_Delay         stm32f1xx_hal_rcc.o
    0x08002a98   0x08002a98   0x00000002   Code   RO          258    i.SVC_Handler       stm32f1xx_it.o
    0x08002a9a   0x08002a9a   0x00000008   Code   RO          259    i.SysTick_Handler   stm32f1xx_it.o
    0x08002aa2   0x08002aa2   0x00000002   PAD
    0x08002aa4   0x08002aa4   0x00000028   Code   RO         3373    i.TIM4_IRQHandler   timer.o
    0x08002acc   0x08002acc   0x00000074   Code   RO         2008    i.TIM_Base_SetConfig  stm32f1xx_hal_tim.o
    0x08002b40   0x08002b40   0x00000022   Code   RO         2009    i.TIM_CCxChannelCmd  stm32f1xx_hal_tim.o
    0x08002b62   0x08002b62   0x00000002   PAD
    0x08002b64   0x08002b64   0x00000060   Code   RO         2021    i.TIM_OC1_SetConfig  stm32f1xx_hal_tim.o
    0x08002bc4   0x08002bc4   0x00000068   Code   RO         2022    i.TIM_OC2_SetConfig  stm32f1xx_hal_tim.o
    0x08002c2c   0x08002c2c   0x00000068   Code   RO         2023    i.TIM_OC3_SetConfig  stm32f1xx_hal_tim.o
    0x08002c94   0x08002c94   0x00000048   Code   RO         2024    i.TIM_OC4_SetConfig  stm32f1xx_hal_tim.o
    0x08002cdc   0x08002cdc   0x0000004c   Code   RO         3374    i.Timer_Init        timer.o
    0x08002d28   0x08002d28   0x00000020   Code   RO         3375    i.Timer_Start_IT    timer.o
    0x08002d48   0x08002d48   0x00000014   Code   RO         1078    i.UART_DMAAbortOnError  stm32f1xx_hal_uart.o
    0x08002d5c   0x08002d5c   0x00000020   Code   RO         1088    i.UART_EndRxTransfer  stm32f1xx_hal_uart.o
    0x08002d7c   0x08002d7c   0x00000020   Code   RO         1089    i.UART_EndTransmit_IT  stm32f1xx_hal_uart.o
    0x08002d9c   0x08002d9c   0x000000a0   Code   RO         1091    i.UART_Receive_IT   stm32f1xx_hal_uart.o
    0x08002e3c   0x08002e3c   0x00000060   Code   RO         1093    i.UART_Transmit_IT  stm32f1xx_hal_uart.o
    0x08002e9c   0x08002e9c   0x00000024   Code   RO         3016    i.USART1_IRQHandler  usart.o
    0x08002ec0   0x08002ec0   0x00000004   Code   RO          260    i.UsageFault_Handler  stm32f1xx_it.o
    0x08002ec4   0x08002ec4   0x00000028   Code   RO         3603    i.__ARM_fpclassify  m_ws.l(fpclassify.o)
    0x08002eec   0x08002eec   0x00000010   Code   RO          593    i.__NVIC_GetPriorityGrouping  stm32f1xx_hal_cortex.o
    0x08002efc   0x08002efc   0x00000028   Code   RO          594    i.__NVIC_SetPriority  stm32f1xx_hal_cortex.o
    0x08002f24   0x08002f24   0x0000000e   Code   RO         3470    i._is_digit         c_w.l(__printf_wp.o)
    0x08002f32   0x08002f32   0x00000004   Code   RO         3018    i._sys_exit         usart.o
    0x08002f36   0x08002f36   0x00000002   PAD
    0x08002f38   0x08002f38   0x00000030   Code   RO         3189    i.atk_oled_clear    atk_oled.o
    0x08002f68   0x08002f68   0x00000060   Code   RO         3192    i.atk_oled_draw_point  atk_oled.o
    0x08002fc8   0x08002fc8   0x000000d4   Code   RO         3194    i.atk_oled_init     atk_oled.o
    0x0800309c   0x0800309c   0x0000004c   Code   RO         3196    i.atk_oled_refresh_gram  atk_oled.o
    0x080030e8   0x080030e8   0x00000118   Code   RO         3197    i.atk_oled_show_char  atk_oled.o
    0x08003200   0x08003200   0x0000005e   Code   RO         3199    i.atk_oled_show_string  atk_oled.o
    0x0800325e   0x0800325e   0x00000038   Code   RO         3200    i.atk_oled_wr_byte  atk_oled.o
    0x08003296   0x08003296   0x00000002   PAD
    0x08003298   0x08003298   0x0000000c   Code   RO         2971    i.delay_init        delay.o
    0x080032a4   0x080032a4   0x00000048   Code   RO         2973    i.delay_us          delay.o
    0x080032ec   0x080032ec   0x00000050   Code   RO         3115    i.iic_ack           myiic.o
    0x0800333c   0x0800333c   0x0000000a   Code   RO         3116    i.iic_delay         myiic.o
    0x08003346   0x08003346   0x00000002   PAD
    0x08003348   0x08003348   0x00000078   Code   RO         3117    i.iic_init          myiic.o
    0x080033c0   0x080033c0   0x0000006c   Code   RO         3120    i.iic_send_byte     myiic.o
    0x0800342c   0x0800342c   0x0000004c   Code   RO         3121    i.iic_start         myiic.o
    0x08003478   0x08003478   0x00000040   Code   RO         3122    i.iic_stop          myiic.o
    0x080034b8   0x080034b8   0x00000054   Code   RO         3091    i.led_init          led.o
    0x0800350c   0x0800350c   0x00000148   Code   RO           14    i.main              main.o
    0x08003654   0x08003654   0x00000066   Code   RO         2903    i.sys_stm32_clock_init  sys.o
    0x080036ba   0x080036ba   0x00000002   PAD
    0x080036bc   0x080036bc   0x0000002c   Code   RO         3599    locale$$code        c_w.l(lc_numeric_c.o)
    0x080036e8   0x080036e8   0x00000018   Code   RO         3534    x$fpl$dcmpinf       fz_ws.l(dcmpi.o)
    0x08003700   0x08003700   0x00000078   Code   RO         3488    x$fpl$dleqf         fz_ws.l(dleqf.o)
    0x08003778   0x08003778   0x0000009c   Code   RO         3536    x$fpl$dnaninf       fz_ws.l(dnaninf.o)
    0x08003814   0x08003814   0x0000000c   Code   RO         3538    x$fpl$dretinf       fz_ws.l(dretinf.o)
    0x08003820   0x08003820   0x00000056   Code   RO         3490    x$fpl$f2d           fz_ws.l(f2d.o)
    0x08003876   0x08003876   0x00000002   PAD
    0x08003878   0x08003878   0x000000c4   Code   RO         3492    x$fpl$fadd          fz_ws.l(faddsub_clz.o)
    0x0800393c   0x0800393c   0x00000018   Code   RO         3540    x$fpl$fcmpinf       fz_ws.l(fcmpi.o)
    0x08003954   0x08003954   0x00000184   Code   RO         3499    x$fpl$fdiv          fz_ws.l(fdiv.o)
    0x08003ad8   0x08003ad8   0x00000036   Code   RO         3502    x$fpl$ffix          fz_ws.l(ffix.o)
    0x08003b0e   0x08003b0e   0x00000002   PAD
    0x08003b10   0x08003b10   0x0000003e   Code   RO         3506    x$fpl$ffixu         fz_ws.l(ffixu.o)
    0x08003b4e   0x08003b4e   0x00000002   PAD
    0x08003b50   0x08003b50   0x00000030   Code   RO         3511    x$fpl$fflt          fz_ws.l(fflt_clz.o)
    0x08003b80   0x08003b80   0x00000068   Code   RO         3516    x$fpl$fleqf         fz_ws.l(fleqf.o)
    0x08003be8   0x08003be8   0x00000102   Code   RO         3518    x$fpl$fmul          fz_ws.l(fmul.o)
    0x08003cea   0x08003cea   0x0000008c   Code   RO         3542    x$fpl$fnaninf       fz_ws.l(fnaninf.o)
    0x08003d76   0x08003d76   0x0000000a   Code   RO         3544    x$fpl$fretinf       fz_ws.l(fretinf.o)
    0x08003d80   0x08003d80   0x00000062   Code   RO         3520    x$fpl$frleqf        fz_ws.l(frleqf.o)
    0x08003de2   0x08003de2   0x00000014   Code   RO         3493    x$fpl$frsb          fz_ws.l(faddsub_clz.o)
    0x08003df6   0x08003df6   0x00000002   PAD
    0x08003df8   0x08003df8   0x000000ea   Code   RO         3494    x$fpl$fsub          fz_ws.l(faddsub_clz.o)
    0x08003ee2   0x08003ee2   0x00000004   Code   RO         3522    x$fpl$printf1       fz_ws.l(printf1.o)
    0x08003ee6   0x08003ee6   0x00000000   Code   RO         3546    x$fpl$usenofp       fz_ws.l(usenofp.o)
    0x08003ee6   0x08003ee6   0x00000018   Data   RO          329    .constdata          system_stm32f1xx.o
    0x08003efe   0x08003efe   0x000017c0   Data   RO         3202    .constdata          atk_oled.o
    0x080056be   0x080056be   0x00000002   PAD
    0x080056c0   0x080056c0   0x00000094   Data   RO         3574    .constdata          c_w.l(bigflt0.o)
    0x08005754   0x08005754   0x00000020   Data   RO         3734    Region$$Table       anon$$obj.o
    0x08005774   0x08005774   0x0000001c   Data   RO         3598    locale$$data        c_w.l(lc_numeric_c.o)


    Execution Region RW_IRAM1 (Exec base: 0x20000000, Load base: 0x08005790, Size: 0x00000ab0, Max: 0x00005000, ABSOLUTE)

    Exec Addr    Load Addr    Size         Type   Attr      Idx    E Section Name        Object

    0x20000000   0x08005790   0x00000008   Data   RW           16    .data               main.o
    0x20000008   0x08005798   0x00000004   Data   RW          330    .data               system_stm32f1xx.o
    0x2000000c   0x0800579c   0x00000009   Data   RW          429    .data               stm32f1xx_hal.o
    0x20000015   0x080057a5   0x00000003   PAD
    0x20000018   0x080057a8   0x00000004   Data   RW         2974    .data               delay.o
    0x2000001c   0x080057ac   0x00000007   Data   RW         3023    .data               usart.o
    0x20000023   0x080057b3   0x00000001   PAD
    0x20000024   0x080057b4   0x00000002   Data   RW         3330    .data               encoder.o
    0x20000026   0x080057b6   0x00000001   Data   RW         3377    .data               timer.o
    0x20000027   0x080057b7   0x00000001   PAD
    0x20000028   0x080057b8   0x0000000c   Data   RW         3418    .data               key.o
    0x20000034        -       0x00000038   Zero   RW           15    .bss                main.o
    0x2000006c        -       0x00000108   Zero   RW         3022    .bss                usart.o
    0x20000174        -       0x00000400   Zero   RW         3201    .bss                atk_oled.o
    0x20000574        -       0x00000048   Zero   RW         3292    .bss                pwm.o
    0x200005bc        -       0x00000048   Zero   RW         3329    .bss                encoder.o
    0x20000604        -       0x00000048   Zero   RW         3376    .bss                timer.o
    0x2000064c        -       0x00000060   Zero   RW         3606    .bss                c_w.l(libspace.o)
    0x200006ac   0x080057c4   0x00000004   PAD
    0x200006b0        -       0x00000000   Zero   RW            2    HEAP                startup_stm32f103xb.o
    0x200006b0        -       0x00000400   Zero   RW            1    STACK               startup_stm32f103xb.o


==============================================================================

Image component sizes


      Code (inc. data)   RO Data    RW Data    ZI Data      Debug   Object Name

       862         30       6080          0       1024       6534   atk_oled.o
        84         10          0          4          0       1480   delay.o
       316         50          0          2         72       3226   encoder.o
       216         30          0         12          0       1974   key.o
        84          8          0          0          0        967   led.o
       552         84          0          8         56     426497   main.o
       458         28          0          0          0       3740   myiic.o
       316         10          0          0          0       2413   pid.o
       216         20          0          0         72       1873   pwm.o
        52         18        236          0       1024        980   startup_stm32f103xb.o
       154         32          0          9          0       6191   stm32f1xx_hal.o
       304         22          0          0          0      29803   stm32f1xx_hal_cortex.o
       176          4          0          0          0       1195   stm32f1xx_hal_dma.o
       828         34          0          0          0       3523   stm32f1xx_hal_gpio.o
      1708         84          0          0          0       4640   stm32f1xx_hal_rcc.o
      1720         60          0          0          0      12778   stm32f1xx_hal_tim.o
       796          6          0          0          0       6879   stm32f1xx_hal_uart.o
        32          0          0          0          0       4378   stm32f1xx_it.o
       102          0          0          0          0        755   sys.o
         0          0         24          4          0        930   system_stm32f1xx.o
       148         30          0          1         72       2285   timer.o
       176         26          0          7        264       3897   usart.o

    ----------------------------------------------------------------------
      9324        586       6374         52       2584     526938   Object Totals
         0          0         32          0          0          0   (incl. Generated)
        24          0          2          5          0          0   (incl. Padding)

    ----------------------------------------------------------------------

      Code (inc. data)   RO Data    RW Data    ZI Data      Debug   Library Member Name

         8          0          0          0          0         68   __main.o
       284          0          0          0          0        156   __printf_wp.o
         0          0          0          0          0          0   __rtentry.o
        12          0          0          0          0          0   __rtentry2.o
         6          0          0          0          0          0   __rtentry4.o
        52          8          0          0          0          0   __scatter.o
        26          0          0          0          0          0   __scatter_copy.o
        28          0          0          0          0          0   __scatter_zi.o
        48          6          0          0          0         96   _printf_char_common.o
         6          0          0          0          0          0   _printf_f.o
      1050          0          0          0          0        216   _printf_fp_dec.o
       128         16          0          0          0         84   _printf_fp_infnan.o
        78          0          0          0          0        108   _printf_pad.o
         0          0          0          0          0          0   _printf_percent.o
         4          0          0          0          0          0   _printf_percent_end.o
        10          0          0          0          0         68   _sputc.o
       220          4        148          0          0         96   bigflt0.o
      1910        128          0          0          0        672   btod.o
        12          0          0          0          0         72   exit.o
         6          0          0          0          0        152   heapauxi.o
        44         10         28          0          0         76   lc_numeric_c.o
         2          0          0          0          0          0   libinit.o
        18          0          0          0          0          0   libinit2.o
         2          0          0          0          0          0   libshutdown.o
         2          0          0          0          0          0   libshutdown2.o
         8          4          0          0         96         68   libspace.o
       138          0          0          0          0         80   lludiv10.o
        40          6          0          0          0         84   noretval__2sprintf.o
         8          4          0          0          0         68   rt_locale_intlibspace.o
        78          0          0          0          0         80   rt_memclr_w.o
         2          0          0          0          0          0   rtexit.o
        10          0          0          0          0          0   rtexit2.o
       128          0          0          0          0         68   strcmpv7m.o
        74          0          0          0          0         80   sys_stackheap_outer.o
         2          0          0          0          0         68   use_no_semi.o
         2          0          0          0          0         68   use_no_semi_2.o
        24          0          0          0          0         68   dcmpi.o
       120          4          0          0          0         92   dleqf.o
       156          4          0          0          0         92   dnaninf.o
        12          0          0          0          0         68   dretinf.o
        86          4          0          0          0         84   f2d.o
       450          8          0          0          0        236   faddsub_clz.o
        24          0          0          0          0         68   fcmpi.o
       388         76          0          0          0         96   fdiv.o
        54          4          0          0          0         84   ffix.o
        62          4          0          0          0         84   ffixu.o
        48          0          0          0          0         68   fflt_clz.o
       104          4          0          0          0         84   fleqf.o
       258          4          0          0          0         84   fmul.o
       140          4          0          0          0         84   fnaninf.o
        10          0          0          0          0         68   fretinf.o
        98          0          0          0          0         68   frleqf.o
         4          0          0          0          0         68   printf1.o
         0          0          0          0          0          0   usenofp.o
        40          0          0          0          0         68   fpclassify.o

    ----------------------------------------------------------------------
      6542        302        176          0        100       4092   Library Totals
        18          0          0          0          4          0   (incl. Padding)

    ----------------------------------------------------------------------

      Code (inc. data)   RO Data    RW Data    ZI Data      Debug   Library Name

      4446        186        176          0         96       2528   c_w.l
      2038        116          0          0          0       1496   fz_ws.l
        40          0          0          0          0         68   m_ws.l

    ----------------------------------------------------------------------
      6542        302        176          0        100       4092   Library Totals

    ----------------------------------------------------------------------

==============================================================================


      Code (inc. data)   RO Data    RW Data    ZI Data      Debug   

     15866        888       6550         52       2684     524266   Grand Totals
     15866        888       6550         52       2684     524266   ELF Image Totals
     15866        888       6550         52          0          0   ROM Totals

==============================================================================

    Total RO  Size (Code + RO Data)                22416 (  21.89kB)
    Total RW  Size (RW Data + ZI Data)              2736 (   2.67kB)
    Total ROM Size (Code + RO Data + RW Data)      22468 (  21.94kB)

==============================================================================

